https://badgio0906.github.io/Badgio0906-web-mini-game-arcade/index.html: 3842 JS / 143896 images / 154856 fonts; PASS
https://badgio0906.github.io/Badgio0906-web-mini-game-arcade/game001.html: 1260597 JS / 0 images / 0 fonts; PASS
https://badgio0906.github.io/Badgio0906-web-mini-game-arcade/game002.html: 1269304 JS / 294484 images / 154856 fonts; PASS
https://badgio0906.github.io/Badgio0906-web-mini-game-arcade/game003.html: 1266864 JS / 57098 images / 154856 fonts; PASS
https://badgio0906.github.io/Badgio0906-web-mini-game-arcade/game004.html: 44107 JS / 0 images / 154856 fonts; PASS
https://badgio0906.github.io/Badgio0906-web-mini-game-arcade/game005.html: 51463 JS / 54490 images / 154856 fonts; PASS
https://badgio0906.github.io/Badgio0906-web-mini-game-arcade/game006.html: 1266773 JS / 52134 images / 154856 fonts; PASS
https://badgio0906.github.io/Badgio0906-web-mini-game-arcade/game007.html: 55768 JS / 10526 images / 154856 fonts; PASS
https://badgio0906.github.io/Badgio0906-web-mini-game-arcade/game008.html: 57159 JS / 67398 images / 154856 fonts; PASS
node:internal/modules/run_main:107
    triggerUncaughtException(
    ^

AssertionError [ERR_ASSERTION]: game009 refresh/return errors
+ actual - expected

+ [
+   'https://badgio0906.github.io/Badgio0906-web-mini-game-arcade/assets/game009/desk-memo.webp Error: response.body: Protocol error (Network.getResponseBody): No resource with given identifier found\n' +
+     'Response body is not available for a response that was navigated away from. Read response.body() before triggering any navigation.'
+ ]
- []

    at file:///workspace/orbit-shift/tests/eleven-game/probe-production.mjs:58:83 {
  generatedMessage: false,
  code: 'ERR_ASSERTION',
  actual: [
    'https://badgio0906.github.io/Badgio0906-web-mini-game-arcade/assets/game009/desk-memo.webp Error: response.body: Protocol error (Network.getResponseBody): No resource with given identifier found\n' +
      'Response body is not available for a response that was navigated away from. Read response.body() before triggering any navigation.'
  ],
  expected: [],
  operator: 'deepStrictEqual',
  diff: 'simple'
}

Node.js v24.19.0
