
> orbit-shift@0.1.0 build
> tsc --noEmit && vite build

vite v7.3.6 building client environment for production...
transforming...
✓ 139 modules transformed.
rendering chunks...
computing gzip size...
dist/game001.html                             1.76 kB │ gzip:   0.89 kB
dist/index.html                               2.54 kB │ gzip:   1.41 kB
dist/game011.html                             2.64 kB │ gzip:   1.25 kB
dist/game017.html                             2.76 kB │ gzip:   1.35 kB
dist/game018.html                             2.86 kB │ gzip:   1.43 kB
dist/game009.html                             2.96 kB │ gzip:   1.39 kB
dist/game015.html                             3.00 kB │ gzip:   1.67 kB
dist/game007.html                             3.09 kB │ gzip:   1.48 kB
dist/game008.html                             3.10 kB │ gzip:   1.45 kB
dist/game010.html                             3.19 kB │ gzip:   1.52 kB
dist/game019.html                             3.25 kB │ gzip:   1.55 kB
dist/game016.html                             3.58 kB │ gzip:   1.58 kB
dist/game004.html                             4.00 kB │ gzip:   1.79 kB
dist/game006.html                             4.07 kB │ gzip:   1.74 kB
dist/game005.html                             4.09 kB │ gzip:   1.85 kB
dist/game003.html                             4.48 kB │ gzip:   1.93 kB
dist/game002.html                             5.91 kB │ gzip:   2.58 kB
dist/assets/index-Cpak1p5S.css                5.84 kB │ gzip:   1.80 kB
dist/assets/game019-kWCw-N9t.css              7.36 kB │ gzip:   2.06 kB
dist/assets/game017-CK5_77Tc.css              8.00 kB │ gzip:   2.01 kB
dist/assets/game015-Bu7X2h1W.css              9.50 kB │ gzip:   2.45 kB
dist/assets/game018-DdnTys_R.css             11.93 kB │ gzip:   2.69 kB
dist/assets/onboarding-XqeUbvR5.css          15.82 kB │ gzip:   3.17 kB
dist/assets/game016-D9wh04Pe.css             19.14 kB │ gzip:   4.05 kB
dist/assets/game001-x-wgMjRp.css             20.18 kB │ gzip:   4.90 kB
dist/assets/game011-BJOEgnnK.css             22.28 kB │ gzip:   4.42 kB
dist/assets/game006-CSEd5REF.css             26.60 kB │ gzip:   5.39 kB
dist/assets/game010-isUaYRVt.css             26.77 kB │ gzip:   5.23 kB
dist/assets/game009--GEqmMOD.css             28.38 kB │ gzip:   5.64 kB
dist/assets/game003-BO4fumsG.css             28.93 kB │ gzip:   6.19 kB
dist/assets/game002-CajVFlTd.css             34.80 kB │ gzip:   7.17 kB
dist/assets/game008-DJNyvymT.css             36.79 kB │ gzip:   6.79 kB
dist/assets/game004-D15XFBkN.css             37.98 kB │ gzip:   7.67 kB
dist/assets/game005-BmVCnhaW.css             47.96 kB │ gzip:   9.39 kB
dist/assets/game007-B6QUtwvC.css             48.54 kB │ gzip:   9.21 kB
dist/assets/config-DB2ZWgcF.js                0.06 kB │ gzip:   0.08 kB
dist/assets/StorageService-BriUR26K.js        0.87 kB │ gzip:   0.42 kB
dist/assets/AudioService-jQ7Mxaav.js          0.99 kB │ gzip:   0.48 kB
dist/assets/RewardService-BCkL9LiK.js         1.37 kB │ gzip:   0.57 kB
dist/assets/index-17am9gN2.js                 1.99 kB │ gzip:   0.93 kB
dist/assets/TelemetryService-D28sMK09.js     12.66 kB │ gzip:   5.87 kB
dist/assets/game004-BdtqZzzf.js              16.89 kB │ gzip:   6.40 kB
dist/assets/game011-B-fDB9f2.js              22.46 kB │ gzip:   8.34 kB
dist/assets/game009-6xzVh9pf.js              23.30 kB │ gzip:   8.81 kB
dist/assets/game005-DUvwpvkz.js              24.25 kB │ gzip:   9.05 kB
dist/assets/game001-DOZwqnqs.js              25.31 kB │ gzip:   9.74 kB
dist/assets/game010-DeLgeFWV.js              26.02 kB │ gzip:   9.58 kB
dist/assets/game017-W_cHUASy.js              27.53 kB │ gzip:  10.59 kB
dist/assets/game007-DfroQ1tc.js              28.55 kB │ gzip:  10.36 kB
dist/assets/game016-CNOB5kSM.js              29.05 kB │ gzip:  10.24 kB
dist/assets/game008-CQnmVrB1.js              29.94 kB │ gzip:  11.41 kB
dist/assets/game006-DABqH7Dx.js              31.48 kB │ gzip:  11.87 kB
dist/assets/game003-CE9RlAA9.js              31.57 kB │ gzip:  11.88 kB
dist/assets/onboarding-CNbkbtq-.js           31.69 kB │ gzip:  12.17 kB
dist/assets/game002-CzXm49to.js              34.01 kB │ gzip:  12.48 kB
dist/assets/game018-DS7DtY72.js              53.78 kB │ gzip:  20.53 kB
dist/assets/game019-BUV2GjSX.js              62.32 kB │ gzip:  17.24 kB
dist/assets/game015-BbRPf5Eo.js              65.63 kB │ gzip:  17.91 kB
dist/assets/phaser-Jt__PiWe.js            1,208.08 kB │ gzip: 332.18 kB

(!) Some chunks are larger than 500 kB after minification. Consider:
- Using dynamic import() to code-split the application
- Use build.rollupOptions.output.manualChunks to improve chunking: https://rollupjs.org/configuration-options/#output-manualchunks
- Adjust chunk size limit for this warning via build.chunkSizeWarningLimit.
✓ built in 5.26s
