desktop FAIL apiRequestContext.get: getaddrinfo EAI_AGAIN game100garage.com
Call log:
[2m  - → GET https://game100garage.com/assets/game019-BUV2GjSX.js[22m
[2m    - user-agent: Mozilla/5.0 (X11; Linux x86_64) AppleWebKit/537.36 (KHTML, like Gecko) HeadlessChrome/151.0.0.0 Safari/537.36[22m
[2m    - accept: */*[22m
[2m    - accept-encoding: gzip,deflate,br[22m

    at /workspace/Badgio0906-web-mini-game-arcade/tests/game019/probe-charge-production.mjs:34:243
phone FAIL apiRequestContext.get: getaddrinfo EAI_AGAIN game100garage.com
Call log:
[2m  - → GET https://game100garage.com/assets/game019-BUV2GjSX.js[22m
[2m    - user-agent: Mozilla/5.0 (X11; Linux x86_64) AppleWebKit/537.36 (KHTML, like Gecko) HeadlessChrome/151.0.0.0 Safari/537.36[22m
[2m    - accept: */*[22m
[2m    - accept-encoding: gzip,deflate,br[22m

    at /workspace/Badgio0906-web-mini-game-arcade/tests/game019/probe-charge-production.mjs:34:243
narrow FAIL apiRequestContext.get: getaddrinfo EAI_AGAIN game100garage.com
Call log:
[2m  - → GET https://game100garage.com/assets/game019-BUV2GjSX.js[22m
[2m    - user-agent: Mozilla/5.0 (X11; Linux x86_64) AppleWebKit/537.36 (KHTML, like Gecko) HeadlessChrome/151.0.0.0 Safari/537.36[22m
[2m    - accept: */*[22m
[2m    - accept-encoding: gzip,deflate,br[22m

    at /workspace/Badgio0906-web-mini-game-arcade/tests/game019/probe-charge-production.mjs:34:243
landscape FAIL apiRequestContext.get: getaddrinfo EAI_AGAIN game100garage.com
Call log:
[2m  - → GET https://game100garage.com/assets/game019-BUV2GjSX.js[22m
[2m    - user-agent: Mozilla/5.0 (X11; Linux x86_64) AppleWebKit/537.36 (KHTML, like Gecko) HeadlessChrome/151.0.0.0 Safari/537.36[22m
[2m    - accept: */*[22m
[2m    - accept-encoding: gzip,deflate,br[22m

    at /workspace/Badgio0906-web-mini-game-arcade/tests/game019/probe-charge-production.mjs:34:243
