
> orbit-shift@0.1.0 build
> tsc --noEmit && vite build

vite v7.3.6 building client environment for production...
transforming...
✓ 142 modules transformed.
rendering chunks...
[esbuild css minify]
▲ [WARNING] Expected "{" but found "and(" [css-syntax-error]

    <stdin>:20:24:
      20 │ @media(max-height:500px)and(orientation:landscape){#result-distanc...
         │                         ~~~~
         ╵                         {


▲ [WARNING] Expected "{" but found "and(" [css-syntax-error]

    <stdin>:24:24:
      24 │ @media(max-height:500px)and(orientation:landscape){#app[data-state...
         │                         ~~~~
         ╵                         {


computing gzip size...
dist/game001.html                             1.76 kB │ gzip:   0.89 kB
dist/game008.html                             2.13 kB │ gzip:   1.17 kB
dist/game007.html                             2.14 kB │ gzip:   1.18 kB
dist/game010.html                             2.20 kB │ gzip:   1.20 kB
dist/index.html                               2.54 kB │ gzip:   1.41 kB
dist/game011.html                             2.64 kB │ gzip:   1.25 kB
dist/game009.html                             2.65 kB │ gzip:   1.36 kB
dist/game017.html                             2.76 kB │ gzip:   1.35 kB
dist/game018.html                             2.86 kB │ gzip:   1.45 kB
dist/game015.html                             3.00 kB │ gzip:   1.67 kB
dist/game019.html                             3.25 kB │ gzip:   1.55 kB
dist/game016.html                             3.58 kB │ gzip:   1.58 kB
dist/game004.html                             4.00 kB │ gzip:   1.79 kB
dist/game005.html                             4.09 kB │ gzip:   1.85 kB
dist/game006.html                             4.28 kB │ gzip:   1.89 kB
dist/game003.html                             4.50 kB │ gzip:   2.02 kB
dist/game002.html                             5.91 kB │ gzip:   2.58 kB
dist/assets/game009-P7eR18tm.css              5.82 kB │ gzip:   1.87 kB
dist/assets/index-Cpak1p5S.css                5.84 kB │ gzip:   1.80 kB
dist/assets/game019-kWCw-N9t.css              7.36 kB │ gzip:   2.06 kB
dist/assets/game017-CK5_77Tc.css              8.00 kB │ gzip:   2.01 kB
dist/assets/game008-Dw2mOtL-.css              8.71 kB │ gzip:   2.51 kB
dist/assets/game010-plTHQUWI.css              9.49 kB │ gzip:   2.49 kB
dist/assets/game015-Bu7X2h1W.css              9.50 kB │ gzip:   2.45 kB
dist/assets/game018-DArPTEK8.css             12.86 kB │ gzip:   2.84 kB
dist/assets/game007-DWkwP6NZ.css             13.11 kB │ gzip:   3.41 kB
dist/assets/onboarding-XqeUbvR5.css          15.82 kB │ gzip:   3.17 kB
dist/assets/game016-D9wh04Pe.css             19.14 kB │ gzip:   4.05 kB
dist/assets/game001-x-wgMjRp.css             20.18 kB │ gzip:   4.90 kB
dist/assets/game011-BJOEgnnK.css             22.28 kB │ gzip:   4.42 kB
dist/assets/game006-BPqktmAV.css             30.75 kB │ gzip:   6.12 kB
dist/assets/game003-wp6nuTYC.css             32.40 kB │ gzip:   6.75 kB
dist/assets/game002-CajVFlTd.css             34.80 kB │ gzip:   7.17 kB
dist/assets/game004-D15XFBkN.css             37.98 kB │ gzip:   7.67 kB
dist/assets/game005-BmVCnhaW.css             47.96 kB │ gzip:   9.39 kB
dist/assets/config-DB2ZWgcF.js                0.06 kB │ gzip:   0.08 kB
dist/assets/StorageService-BriUR26K.js        0.87 kB │ gzip:   0.42 kB
dist/assets/AudioService-jQ7Mxaav.js          0.99 kB │ gzip:   0.48 kB
dist/assets/RewardService-BCkL9LiK.js         1.37 kB │ gzip:   0.57 kB
dist/assets/index-Dyg41tyA.js                 1.99 kB │ gzip:   0.93 kB
dist/assets/TelemetryService-CXSnJwzc.js     12.69 kB │ gzip:   5.93 kB
dist/assets/game004-CC0FYAOW.js              16.92 kB │ gzip:   6.42 kB
dist/assets/game009-RpBf68qx.js              18.22 kB │ gzip:   7.30 kB
dist/assets/game007-Ck49wJWP.js              21.09 kB │ gzip:   8.32 kB
dist/assets/game011-CtZyki2x.js              22.49 kB │ gzip:   8.36 kB
dist/assets/game005-Baoc9JKI.js              24.28 kB │ gzip:   9.07 kB
dist/assets/game001-DRrCNwcT.js              25.34 kB │ gzip:   9.75 kB
dist/assets/game008-BzHIEe48.js              25.77 kB │ gzip:   9.95 kB
dist/assets/game010-B_D7gcEL.js              26.39 kB │ gzip:   8.77 kB
dist/assets/game017-DM8RslmO.js              27.53 kB │ gzip:  10.59 kB
dist/assets/game016-CKRwatCX.js              29.05 kB │ gzip:  10.24 kB
dist/assets/onboarding-C7tjWO_Q.js           31.72 kB │ gzip:  12.19 kB
dist/assets/game002-CowC0GUf.js              34.04 kB │ gzip:  12.49 kB
dist/assets/game003-BGc2C2fq.js              43.54 kB │ gzip:  15.93 kB
dist/assets/game006-D9j_kz2G.js              44.45 kB │ gzip:  15.74 kB
dist/assets/game018-7Nvi5jDP.js              62.03 kB │ gzip:  23.58 kB
dist/assets/game019-I4Olv0J4.js              62.32 kB │ gzip:  17.24 kB
dist/assets/game015-CFCZ6MCV.js              65.66 kB │ gzip:  17.93 kB
dist/assets/phaser-Jt__PiWe.js            1,208.08 kB │ gzip: 332.18 kB

(!) Some chunks are larger than 500 kB after minification. Consider:
- Using dynamic import() to code-split the application
- Use build.rollupOptions.output.manualChunks to improve chunking: https://rollupjs.org/configuration-options/#output-manualchunks
- Adjust chunk size limit for this warning via build.chunkSizeWarningLimit.
✓ built in 5.41s
