
> orbit-shift@0.1.0 build
> tsc --noEmit && vite build --outDir /tmp/records-default-fixture

vite v7.3.6 building client environment for production...
transforming...
✓ 261 modules transformed.

(!) outDir /tmp/records-default-fixture is not inside project root and will not be emptied.
Use --emptyOutDir to override.

rendering chunks...
[esbuild css minify]
▲ [WARNING] Expected "{" but found "and(" [css-syntax-error]

    <stdin>:20:24:
      20 │ @media(max-height:500px)and(orientation:landscape){#result-distanc...
         │                         ~~~~
         ╵                         {


▲ [WARNING] Expected "{" but found "and(" [css-syntax-error]

    <stdin>:24:24:
      24 │ @media(max-height:500px)and(orientation:landscape){#app[data-state...
         │                         ~~~~
         ╵                         {


computing gzip size...
../../tmp/records-default-fixture/analytics-admin.html                           0.75 kB │ gzip:   0.40 kB
../../tmp/records-default-fixture/game010.html                                   0.84 kB │ gzip:   0.60 kB
../../tmp/records-default-fixture/game001.html                                   2.28 kB │ gzip:   1.00 kB
../../tmp/records-default-fixture/game031.html                                   2.45 kB │ gzip:   1.18 kB
../../tmp/records-default-fixture/game008.html                                   2.63 kB │ gzip:   1.27 kB
../../tmp/records-default-fixture/game007.html                                   2.64 kB │ gzip:   1.28 kB
../../tmp/records-default-fixture/game026.html                                   2.68 kB │ gzip:   1.25 kB
../../tmp/records-default-fixture/game027.html                                   2.81 kB │ gzip:   1.32 kB
../../tmp/records-default-fixture/game029.html                                   3.11 kB │ gzip:   1.44 kB
../../tmp/records-default-fixture/game011.html                                   3.14 kB │ gzip:   1.35 kB
../../tmp/records-default-fixture/game009.html                                   3.15 kB │ gzip:   1.47 kB
../../tmp/records-default-fixture/game028.html                                   3.25 kB │ gzip:   1.58 kB
../../tmp/records-default-fixture/index.html                                     3.26 kB │ gzip:   1.61 kB
../../tmp/records-default-fixture/game017.html                                   3.26 kB │ gzip:   1.46 kB
../../tmp/records-default-fixture/assets/ai.worker-BhBYnmqb.js                   3.33 kB
../../tmp/records-default-fixture/game018.html                                   3.36 kB │ gzip:   1.55 kB
../../tmp/records-default-fixture/game022.html                                   3.45 kB │ gzip:   1.62 kB
../../tmp/records-default-fixture/game023.html                                   3.50 kB │ gzip:   1.60 kB
../../tmp/records-default-fixture/game015.html                                   3.51 kB │ gzip:   1.77 kB
../../tmp/records-default-fixture/game024.html                                   3.54 kB │ gzip:   1.58 kB
../../tmp/records-default-fixture/game025.html                                   3.62 kB │ gzip:   1.70 kB
../../tmp/records-default-fixture/game019.html                                   3.76 kB │ gzip:   1.66 kB
../../tmp/records-default-fixture/game020.html                                   3.97 kB │ gzip:   1.81 kB
../../tmp/records-default-fixture/game021.html                                   4.01 kB │ gzip:   1.80 kB
../../tmp/records-default-fixture/game016.html                                   4.08 kB │ gzip:   1.69 kB
../../tmp/records-default-fixture/game004.html                                   4.50 kB │ gzip:   1.89 kB
../../tmp/records-default-fixture/game005.html                                   4.59 kB │ gzip:   1.95 kB
../../tmp/records-default-fixture/game006.html                                   4.78 kB │ gzip:   1.99 kB
../../tmp/records-default-fixture/game030.html                                   4.96 kB │ gzip:   2.18 kB
../../tmp/records-default-fixture/game003.html                                   5.02 kB │ gzip:   2.12 kB
../../tmp/records-default-fixture/assets/generator.worker-Df5ApihC.js            5.14 kB
../../tmp/records-default-fixture/privacy.html                                   5.46 kB │ gzip:   2.65 kB
../../tmp/records-default-fixture/game002.html                                   6.42 kB │ gzip:   2.69 kB
../../tmp/records-default-fixture/assets/privacy-BJ4_ZNFK.css                    0.29 kB │ gzip:   0.22 kB
../../tmp/records-default-fixture/assets/RecordSharing-DSOMhdHk.css              1.42 kB │ gzip:   0.56 kB
../../tmp/records-default-fixture/assets/analytics-admin-BgkP0Dz4.css            3.03 kB │ gzip:   1.14 kB
../../tmp/records-default-fixture/assets/game029-CiPsBH5h.css                    4.90 kB │ gzip:   1.72 kB
../../tmp/records-default-fixture/assets/game031-Ca7IG9yh.css                    5.05 kB │ gzip:   1.80 kB
../../tmp/records-default-fixture/assets/game028-DqyBSI1q.css                    5.12 kB │ gzip:   1.72 kB
../../tmp/records-default-fixture/assets/game024-BQI0oavl.css                    5.19 kB │ gzip:   1.73 kB
../../tmp/records-default-fixture/assets/game020-xTPSHt0X.css                    5.45 kB │ gzip:   1.99 kB
../../tmp/records-default-fixture/assets/game023-BTgFaDN8.css                    5.61 kB │ gzip:   2.05 kB
../../tmp/records-default-fixture/assets/game026-CtERVbYG.css                    5.77 kB │ gzip:   1.96 kB
../../tmp/records-default-fixture/assets/game025-CX6ZzStI.css                    5.79 kB │ gzip:   1.91 kB
../../tmp/records-default-fixture/assets/game009-P7eR18tm.css                    5.82 kB │ gzip:   1.87 kB
../../tmp/records-default-fixture/assets/game030-CCp4Ma-Q.css                    6.15 kB │ gzip:   1.98 kB
../../tmp/records-default-fixture/assets/game027-xF1MYxBI.css                    6.20 kB │ gzip:   1.95 kB
../../tmp/records-default-fixture/assets/index-CxgOdwT2.css                      6.36 kB │ gzip:   1.94 kB
../../tmp/records-default-fixture/assets/game022-D38DqI01.css                    6.72 kB │ gzip:   2.31 kB
../../tmp/records-default-fixture/assets/game021-fcZ-ZA6_.css                    7.16 kB │ gzip:   2.43 kB
../../tmp/records-default-fixture/assets/game019-kWCw-N9t.css                    7.36 kB │ gzip:   2.06 kB
../../tmp/records-default-fixture/assets/game017-CK5_77Tc.css                    8.00 kB │ gzip:   2.01 kB
../../tmp/records-default-fixture/assets/game008-Dw2mOtL-.css                    8.71 kB │ gzip:   2.51 kB
../../tmp/records-default-fixture/assets/game015-Bu7X2h1W.css                    9.50 kB │ gzip:   2.45 kB
../../tmp/records-default-fixture/assets/game018-DArPTEK8.css                   12.86 kB │ gzip:   2.84 kB
../../tmp/records-default-fixture/assets/game007-DWkwP6NZ.css                   13.11 kB │ gzip:   3.41 kB
../../tmp/records-default-fixture/assets/onboarding-XqeUbvR5.css                15.82 kB │ gzip:   3.17 kB
../../tmp/records-default-fixture/assets/game016-D9wh04Pe.css                   19.14 kB │ gzip:   4.05 kB
../../tmp/records-default-fixture/assets/game001-x-wgMjRp.css                   20.18 kB │ gzip:   4.90 kB
../../tmp/records-default-fixture/assets/game011-BJOEgnnK.css                   22.28 kB │ gzip:   4.42 kB
../../tmp/records-default-fixture/assets/game006-BPqktmAV.css                   30.75 kB │ gzip:   6.12 kB
../../tmp/records-default-fixture/assets/game003-wp6nuTYC.css                   32.40 kB │ gzip:   6.75 kB
../../tmp/records-default-fixture/assets/game002-CajVFlTd.css                   34.80 kB │ gzip:   7.17 kB
../../tmp/records-default-fixture/assets/game004-D15XFBkN.css                   37.98 kB │ gzip:   7.67 kB
../../tmp/records-default-fixture/assets/game005-BmVCnhaW.css                   47.96 kB │ gzip:   9.39 kB
../../tmp/records-default-fixture/assets/config-DB2ZWgcF.js                      0.06 kB │ gzip:   0.08 kB
../../tmp/records-default-fixture/assets/privacy-bJRt39fC.js                     0.09 kB │ gzip:   0.11 kB
../../tmp/records-default-fixture/assets/modulepreload-polyfill-B5Qt9EMX.js      0.71 kB │ gzip:   0.40 kB
../../tmp/records-default-fixture/assets/StorageService-BriUR26K.js              0.87 kB │ gzip:   0.42 kB
../../tmp/records-default-fixture/assets/AudioService-jQ7Mxaav.js                0.99 kB │ gzip:   0.48 kB
../../tmp/records-default-fixture/analytics-legacy.js                            0.99 kB │ gzip:   0.58 kB
../../tmp/records-default-fixture/assets/RewardService-BCkL9LiK.js               1.37 kB │ gzip:   0.57 kB
../../tmp/records-default-fixture/assets/ai-BhGE5Xsg.js                          1.86 kB │ gzip:   1.04 kB
../../tmp/records-default-fixture/assets/recordDefinitions-jpBzV10J.js           2.62 kB │ gzip:   1.12 kB
../../tmp/records-default-fixture/assets/words-33iBIpcc.js                       8.66 kB │ gzip:   4.22 kB
../../tmp/records-default-fixture/assets/TelemetryService-CK5oxeYv.js            9.34 kB │ gzip:   3.53 kB
../../tmp/records-default-fixture/assets/gameCatalog-BSD0xyw6.js                 9.41 kB │ gzip:   3.92 kB
../../tmp/records-default-fixture/assets/index-BpWUfZ3u.js                      11.77 kB │ gzip:   4.86 kB
../../tmp/records-default-fixture/assets/game024-JGmgx_ph.js                    14.69 kB │ gzip:   6.22 kB
../../tmp/records-default-fixture/assets/game023-cVcLlwAj.js                    17.04 kB │ gzip:   6.37 kB
../../tmp/records-default-fixture/assets/game004-k0YmbJP6.js                    17.33 kB │ gzip:   6.61 kB
../../tmp/records-default-fixture/assets/analytics-admin-TgFpbY25.js            17.51 kB │ gzip:   7.22 kB
../../tmp/records-default-fixture/assets/game020-D_6ZpVWE.js                    18.03 kB │ gzip:   7.38 kB
../../tmp/records-default-fixture/assets/game009-BW9Fv40F.js                    18.57 kB │ gzip:   7.48 kB
../../tmp/records-default-fixture/assets/game026-DJ4JJxjh.js                    19.01 kB │ gzip:   7.76 kB
../../tmp/records-default-fixture/assets/RecordSharing-mU0C6QtP.js              20.24 kB │ gzip:   7.27 kB
../../tmp/records-default-fixture/assets/game029-C0oNK0S-.js                    20.92 kB │ gzip:   8.57 kB
../../tmp/records-default-fixture/assets/game007-DBCtuTJA.js                    21.44 kB │ gzip:   8.49 kB
../../tmp/records-default-fixture/assets/game011-3zr3Qpys.js                    22.84 kB │ gzip:   8.53 kB
../../tmp/records-default-fixture/assets/game030-DztYyd0O.js                    22.96 kB │ gzip:   9.17 kB
../../tmp/records-default-fixture/assets/game028-Cfgyxp-8.js                    22.99 kB │ gzip:   8.70 kB
../../tmp/records-default-fixture/assets/game021-BiaAxdH3.js                    23.35 kB │ gzip:   8.95 kB
../../tmp/records-default-fixture/assets/game005-CykfOaQX.js                    24.62 kB │ gzip:   9.23 kB
../../tmp/records-default-fixture/assets/game001-DroYmADp.js                    25.66 kB │ gzip:   9.92 kB
../../tmp/records-default-fixture/assets/runtime-C7regHsc.js                    26.10 kB │ gzip:   9.57 kB
../../tmp/records-default-fixture/assets/game008-DxZ-P9O1.js                    26.12 kB │ gzip:  10.13 kB
../../tmp/records-default-fixture/assets/game017-NWPFGDRv.js                    27.87 kB │ gzip:  10.74 kB
../../tmp/records-default-fixture/assets/game027-CBm9Lijp.js                    28.21 kB │ gzip:  10.97 kB
../../tmp/records-default-fixture/assets/game016-DoB1oJb5.js                    29.40 kB │ gzip:  10.41 kB
../../tmp/records-default-fixture/assets/game022-KG-WlFt4.js                    29.87 kB │ gzip:  11.01 kB
../../tmp/records-default-fixture/assets/onboarding-C7tjWO_Q.js                 31.72 kB │ gzip:  12.19 kB
../../tmp/records-default-fixture/assets/game002-Cmk2_055.js                    34.38 kB │ gzip:  12.66 kB
../../tmp/records-default-fixture/assets/game003-VhgENtRb.js                    43.88 kB │ gzip:  16.10 kB
../../tmp/records-default-fixture/assets/game006-Cu5JlO7y.js                    44.79 kB │ gzip:  15.90 kB
../../tmp/records-default-fixture/assets/game019-DOL5v94q.js                    62.82 kB │ gzip:  17.45 kB
../../tmp/records-default-fixture/assets/game018-QzUlQBNP.js                    62.86 kB │ gzip:  23.95 kB
../../tmp/records-default-fixture/assets/game015-BDdpKW72.js                    66.00 kB │ gzip:  18.11 kB
../../tmp/records-default-fixture/assets/game025-B6TwF2dy.js                   346.60 kB │ gzip:  22.61 kB
../../tmp/records-default-fixture/assets/game031-DCruT97P.js                   577.03 kB │ gzip: 150.43 kB
../../tmp/records-default-fixture/assets/phaser-Jt__PiWe.js                  1,208.08 kB │ gzip: 332.18 kB

(!) Some chunks are larger than 500 kB after minification. Consider:
- Using dynamic import() to code-split the application
- Use build.rollupOptions.output.manualChunks to improve chunking: https://rollupjs.org/configuration-options/#output-manualchunks
- Adjust chunk size limit for this warning via build.chunkSizeWarningLimit.
✓ built in 7.25s
