
> orbit-shift@0.1.0 test
> vitest run


 RUN  v3.2.7 /workspace/Badgio0906-web-mini-game-arcade

 ✓ tests/unit/gameplay.test.ts (7 tests) 2445ms
   ✓ difficulty and fair pattern generation > safe reactive policy survives ten minutes with bounded object lists (seed 1)  825ms
   ✓ difficulty and fair pattern generation > safe reactive policy survives ten minutes with bounded object lists (seed 17)  723ms
   ✓ difficulty and fair pattern generation > safe reactive policy survives ten minutes with bounded object lists (seed 77)  783ms
 ✓ tests/unit/workday-escalation.test.ts (7 tests) 3651ms
   ✓ Workday milestone and endless journey > five seeded walking and biking journeys pass 5000m with bounded visible resources and only two offers  3519ms
 ✓ tests/unit/game006.test.ts (8 tests) 2302ms
   ✓ PARK IT! geometry and ordinary gauge play > all seven visible designed templates are achievable via legal gauge waits in normal and narrow forbidden modes  1553ms
   ✓ PARK IT! geometry and ordinary gauge play > grades actual offset precision, caps consecutive Perfect bonus and bounds retained objects over60 successes  455ms
 ✓ tests/unit/game017.test.ts (23 tests) 1406ms
   ✓ playable layout generator > independently checks every returned segment over early, wind, large-rain and saturated rounds  1365ms
 ✓ tests/unit/game011.test.ts (11 tests) 1004ms
   ✓ UNKO or UKON explicit phases, real deadlines and public-input scoring > more than five thousand independent placements per phase approach50:50 and permit repeated same-side answers  949ms
 ✓ tests/unit/game008.test.ts (9 tests) 740ms
   ✓ Coffee real liquid inertia, gradual overflow and earned cup choices > all five hazards give honest warning lead, do not overlap, and bound the queue across five long routes  375ms
 ✓ tests/unit/game002.test.ts (8 tests) 481ms
   ✓ WORKDAY DODGE model > five seeded reactive runs reach 1000m, cover all four opponent types and keep generation bounded  463ms
 ✓ tests/unit/game010.test.ts (7 tests) 512ms
   ✓ Meeting public attention, truthful cues and irreversible overtime > observed cue callbacks retain full advertised lead over long work policies; distinct feints are safe while working  484ms
 ✓ tests/unit/game007.test.ts (7 tests) 446ms
 ✓ tests/unit/game018.test.ts (31 tests) 255ms
 ✓ tests/unit/game009.test.ts (7 tests) 164ms
 ✓ tests/unit/game019.test.ts (13 tests) 257ms
stdout | tests/unit/catalog-telemetry.test.ts > catalog identity and future tag filtering > keeps legacy routes/tags attached to the actual title and appends019


stdout | tests/unit/catalog-telemetry.test.ts > local telemetry boundary > rejects corrupt/unknown/nonfinite/object data and copies valid records


 ✓ tests/unit/revision-features.test.ts (10 tests) 65ms
stdout | tests/unit/catalog-telemetry.test.ts > local telemetry boundary > retains cross-page game records in a bounded400window without changing200memory


stdout | tests/unit/catalog-telemetry.test.ts > local telemetry boundary > recovers from corrupt and denied storage without stale resurrection


stdout | tests/unit/catalog-telemetry.test.ts > retained-window analytics > preserves a later page departure after quitting and beginning another run


stdout | tests/unit/catalog-telemetry.test.ts > retained-window analytics > counts a restarted ascent as interrupted rather than completed


stdout | tests/unit/catalog-telemetry.test.ts > retained-window analytics > does not double count quits/deaths or fabricate unreported positions and durations


 ✓ tests/unit/catalog-telemetry.test.ts (7 tests) 183ms
 ✓ tests/unit/game016.test.ts (10 tests) 96ms
 ✓ tests/unit/game003.test.ts (9 tests) 97ms
 ✓ tests/unit/tower-escalation.test.ts (4 tests) 60ms
 ✓ tests/unit/game005.test.ts (6 tests) 65ms
 ✓ tests/unit/game015-practice.test.ts (9 tests) 22ms
 ✓ tests/unit/game004.test.ts (6 tests) 20ms
 ✓ tests/unit/arcade-credits.test.ts (5 tests) 16ms
 ✓ tests/unit/sort-localization.test.ts (3 tests) 14ms
 ✓ tests/unit/services.test.ts (17 tests) 13ms
 ✓ tests/unit/arcade-practice.test.ts (24 tests) 10ms
 ✓ tests/unit/game019-practice.test.ts (4 tests) 8ms
 ✓ tests/unit/game016-practice.test.ts (3 tests) 7ms
 ✓ tests/unit/game016-wallet.test.ts (2 tests) 7ms
 ✓ tests/unit/game015.test.ts (27 tests) 11804ms
   ✓ authored descending routes and bounded endless generation > public steering/braking safely crosses1000m without freezing and continues5000m with bounded arrays and all material types  2822ms
   ✓ continuous downward pursuit and randomized fair choices > ordinary DROP/steer/brake survives changing routes and scrolling across sixty-four independent seeds  8272ms

 Test Files  28 passed (28)
      Tests  284 passed (284)
   Start at  14:34:37
   Duration  12.14s (transform 898ms, setup 0ms, collect 1.48s, tests 26.15s, environment 4ms, prepare 1.38s)
