
> orbit-shift@0.1.0 build
> tsc --noEmit && vite build

vite v7.3.6 building client environment for production...
transforming...
✓ 122 modules transformed.
rendering chunks...
computing gzip size...
dist/game001.html                             1.68 kB │ gzip:   0.87 kB
dist/index.html                               2.04 kB │ gzip:   1.12 kB
dist/game011.html                             2.56 kB │ gzip:   1.23 kB
dist/game015.html                             2.61 kB │ gzip:   1.48 kB
dist/game018.html                             2.66 kB │ gzip:   1.36 kB
dist/game017.html                             2.68 kB │ gzip:   1.34 kB
dist/game009.html                             2.89 kB │ gzip:   1.38 kB
dist/game007.html                             3.02 kB │ gzip:   1.46 kB
dist/game008.html                             3.02 kB │ gzip:   1.44 kB
dist/game010.html                             3.12 kB │ gzip:   1.51 kB
dist/game016.html                             3.51 kB │ gzip:   1.57 kB
dist/game004.html                             3.92 kB │ gzip:   1.77 kB
dist/game006.html                             4.00 kB │ gzip:   1.72 kB
dist/game005.html                             4.02 kB │ gzip:   1.83 kB
dist/game003.html                             4.40 kB │ gzip:   1.92 kB
dist/game002.html                             5.83 kB │ gzip:   2.56 kB
dist/assets/index-wflhjli6.css                5.10 kB │ gzip:   1.62 kB
dist/assets/game017-DXDzCBHU.css              7.72 kB │ gzip:   1.94 kB
dist/assets/game015-DNzokN66.css              8.77 kB │ gzip:   2.32 kB
dist/assets/game018-DfwVdbal.css             11.23 kB │ gzip:   2.55 kB
dist/assets/onboarding-CQKJ5Iti.css          15.15 kB │ gzip:   3.05 kB
dist/assets/game016-CNSeLe-J.css             18.86 kB │ gzip:   3.98 kB
dist/assets/game001-x-wgMjRp.css             20.18 kB │ gzip:   4.90 kB
dist/assets/game011-BJOEgnnK.css             22.28 kB │ gzip:   4.42 kB
dist/assets/game006-CSEd5REF.css             26.60 kB │ gzip:   5.39 kB
dist/assets/game010-isUaYRVt.css             26.77 kB │ gzip:   5.23 kB
dist/assets/game009--GEqmMOD.css             28.38 kB │ gzip:   5.64 kB
dist/assets/game003-BO4fumsG.css             28.93 kB │ gzip:   6.19 kB
dist/assets/game002-CajVFlTd.css             34.80 kB │ gzip:   7.17 kB
dist/assets/game008-DJNyvymT.css             36.79 kB │ gzip:   6.79 kB
dist/assets/game004-D15XFBkN.css             37.98 kB │ gzip:   7.67 kB
dist/assets/game005-BmVCnhaW.css             47.96 kB │ gzip:   9.39 kB
dist/assets/game007-B6QUtwvC.css             48.54 kB │ gzip:   9.21 kB
dist/assets/StorageService-hS6L3DZY.js        0.92 kB │ gzip:   0.46 kB
dist/assets/AudioService-jQ7Mxaav.js          0.99 kB │ gzip:   0.48 kB
dist/assets/TelemetryService-Bt0UacwE.js      1.10 kB │ gzip:   0.60 kB
dist/assets/RewardService-DeJpbqGF.js         1.38 kB │ gzip:   0.58 kB
dist/assets/index-D9kLcgxr.js                 4.48 kB │ gzip:   2.30 kB
dist/assets/game004-DC31mBTC.js              16.87 kB │ gzip:   6.39 kB
dist/assets/game011-7Miz07og.js              22.44 kB │ gzip:   8.33 kB
dist/assets/game009-D2pYmQL2.js              23.28 kB │ gzip:   8.80 kB
dist/assets/game005-CfN_GBRm.js              24.23 kB │ gzip:   9.03 kB
dist/assets/game001-BVrxCWzR.js              25.28 kB │ gzip:   9.72 kB
dist/assets/game010-CgAxVHxZ.js              26.00 kB │ gzip:   9.56 kB
dist/assets/game017-BabSVIYt.js              27.24 kB │ gzip:  10.51 kB
dist/assets/onboarding-DT0ilZye.js           28.22 kB │ gzip:  11.05 kB
dist/assets/game007-BpLTCQmx.js              28.53 kB │ gzip:  10.34 kB
dist/assets/game016-BFhTigVA.js              28.79 kB │ gzip:  10.17 kB
dist/assets/game008-BfM185yu.js              29.92 kB │ gzip:  11.40 kB
dist/assets/game006-ajh0qAcG.js              31.46 kB │ gzip:  11.85 kB
dist/assets/game003-BdMugUdM.js              31.55 kB │ gzip:  11.87 kB
dist/assets/game002-DIC8G6av.js              33.99 kB │ gzip:  12.46 kB
dist/assets/game018-WBBZecHZ.js              48.71 kB │ gzip:  18.47 kB
dist/assets/game015-D6mDG4M7.js              51.22 kB │ gzip:  16.81 kB
dist/assets/phaser-Jt__PiWe.js            1,208.08 kB │ gzip: 332.18 kB

(!) Some chunks are larger than 500 kB after minification. Consider:
- Using dynamic import() to code-split the application
- Use build.rollupOptions.output.manualChunks to improve chunking: https://rollupjs.org/configuration-options/#output-manualchunks
- Adjust chunk size limit for this warning via build.chunkSizeWarningLimit.
✓ built in 7.70s
