
> orbit-shift@0.1.0 build
> tsc --noEmit && vite build --outDir /tmp/game031-textures-a-equivalent-release

vite v7.3.6 building client environment for production...
transforming...
✓ 251 modules transformed.

(!) outDir /tmp/game031-textures-a-equivalent-release is not inside project root and will not be emptied.
Use --emptyOutDir to override.

rendering chunks...
[esbuild css minify]
▲ [WARNING] Expected "{" but found "and(" [css-syntax-error]

    <stdin>:20:24:
      20 │ @media(max-height:500px)and(orientation:landscape){#result-distanc...
         │                         ~~~~
         ╵                         {


▲ [WARNING] Expected "{" but found "and(" [css-syntax-error]

    <stdin>:24:24:
      24 │ @media(max-height:500px)and(orientation:landscape){#app[data-state...
         │                         ~~~~
         ╵                         {


computing gzip size...
../../tmp/game031-textures-a-equivalent-release/analytics-admin.html                           0.66 kB │ gzip:   0.38 kB
../../tmp/game031-textures-a-equivalent-release/game010.html                                   0.84 kB │ gzip:   0.60 kB
../../tmp/game031-textures-a-equivalent-release/game001.html                                   2.03 kB │ gzip:   0.95 kB
../../tmp/game031-textures-a-equivalent-release/game008.html                                   2.38 kB │ gzip:   1.22 kB
../../tmp/game031-textures-a-equivalent-release/game007.html                                   2.39 kB │ gzip:   1.23 kB
../../tmp/game031-textures-a-equivalent-release/game031.html                                   2.45 kB │ gzip:   1.18 kB
../../tmp/game031-textures-a-equivalent-release/game026.html                                   2.68 kB │ gzip:   1.26 kB
../../tmp/game031-textures-a-equivalent-release/game027.html                                   2.81 kB │ gzip:   1.33 kB
../../tmp/game031-textures-a-equivalent-release/index.html                                     2.83 kB │ gzip:   1.50 kB
../../tmp/game031-textures-a-equivalent-release/game029.html                                   2.86 kB │ gzip:   1.39 kB
../../tmp/game031-textures-a-equivalent-release/game011.html                                   2.89 kB │ gzip:   1.30 kB
../../tmp/game031-textures-a-equivalent-release/game009.html                                   2.90 kB │ gzip:   1.42 kB
../../tmp/game031-textures-a-equivalent-release/privacy.html                                   2.95 kB │ gzip:   1.62 kB
../../tmp/game031-textures-a-equivalent-release/game017.html                                   3.01 kB │ gzip:   1.41 kB
../../tmp/game031-textures-a-equivalent-release/game018.html                                   3.11 kB │ gzip:   1.50 kB
../../tmp/game031-textures-a-equivalent-release/game028.html                                   3.25 kB │ gzip:   1.58 kB
../../tmp/game031-textures-a-equivalent-release/game015.html                                   3.25 kB │ gzip:   1.73 kB
../../tmp/game031-textures-a-equivalent-release/game024.html                                   3.29 kB │ gzip:   1.52 kB
../../tmp/game031-textures-a-equivalent-release/assets/ai.worker-BhBYnmqb.js                   3.33 kB
../../tmp/game031-textures-a-equivalent-release/game023.html                                   3.42 kB │ gzip:   1.59 kB
../../tmp/game031-textures-a-equivalent-release/game022.html                                   3.45 kB │ gzip:   1.62 kB
../../tmp/game031-textures-a-equivalent-release/game019.html                                   3.50 kB │ gzip:   1.60 kB
../../tmp/game031-textures-a-equivalent-release/game025.html                                   3.62 kB │ gzip:   1.70 kB
../../tmp/game031-textures-a-equivalent-release/game016.html                                   3.83 kB │ gzip:   1.63 kB
../../tmp/game031-textures-a-equivalent-release/game020.html                                   3.97 kB │ gzip:   1.80 kB
../../tmp/game031-textures-a-equivalent-release/game021.html                                   4.01 kB │ gzip:   1.80 kB
../../tmp/game031-textures-a-equivalent-release/game004.html                                   4.25 kB │ gzip:   1.84 kB
../../tmp/game031-textures-a-equivalent-release/game005.html                                   4.34 kB │ gzip:   1.90 kB
../../tmp/game031-textures-a-equivalent-release/game006.html                                   4.53 kB │ gzip:   1.94 kB
../../tmp/game031-textures-a-equivalent-release/game003.html                                   4.76 kB │ gzip:   2.07 kB
../../tmp/game031-textures-a-equivalent-release/game030.html                                   4.96 kB │ gzip:   2.18 kB
../../tmp/game031-textures-a-equivalent-release/assets/generator.worker-Df5ApihC.js            5.14 kB
../../tmp/game031-textures-a-equivalent-release/game002.html                                   6.16 kB │ gzip:   2.64 kB
../../tmp/game031-textures-a-equivalent-release/assets/privacy-BJ4_ZNFK.css                    0.29 kB │ gzip:   0.22 kB
../../tmp/game031-textures-a-equivalent-release/assets/analytics-admin--2oM4p4k.css            1.95 kB │ gzip:   0.90 kB
../../tmp/game031-textures-a-equivalent-release/assets/game029-CiPsBH5h.css                    4.90 kB │ gzip:   1.72 kB
../../tmp/game031-textures-a-equivalent-release/assets/game031-Ca7IG9yh.css                    5.05 kB │ gzip:   1.80 kB
../../tmp/game031-textures-a-equivalent-release/assets/game028-DqyBSI1q.css                    5.12 kB │ gzip:   1.72 kB
../../tmp/game031-textures-a-equivalent-release/assets/game024-BQI0oavl.css                    5.19 kB │ gzip:   1.73 kB
../../tmp/game031-textures-a-equivalent-release/assets/game020-xTPSHt0X.css                    5.45 kB │ gzip:   1.99 kB
../../tmp/game031-textures-a-equivalent-release/assets/game023-BTgFaDN8.css                    5.61 kB │ gzip:   2.05 kB
../../tmp/game031-textures-a-equivalent-release/assets/game026-CtERVbYG.css                    5.77 kB │ gzip:   1.96 kB
../../tmp/game031-textures-a-equivalent-release/assets/game025-CX6ZzStI.css                    5.79 kB │ gzip:   1.91 kB
../../tmp/game031-textures-a-equivalent-release/assets/game009-P7eR18tm.css                    5.82 kB │ gzip:   1.87 kB
../../tmp/game031-textures-a-equivalent-release/assets/index-Cpak1p5S.css                      5.84 kB │ gzip:   1.80 kB
../../tmp/game031-textures-a-equivalent-release/assets/game030-CCp4Ma-Q.css                    6.15 kB │ gzip:   1.98 kB
../../tmp/game031-textures-a-equivalent-release/assets/game027-xF1MYxBI.css                    6.20 kB │ gzip:   1.95 kB
../../tmp/game031-textures-a-equivalent-release/assets/game022-D38DqI01.css                    6.72 kB │ gzip:   2.31 kB
../../tmp/game031-textures-a-equivalent-release/assets/game021-fcZ-ZA6_.css                    7.16 kB │ gzip:   2.43 kB
../../tmp/game031-textures-a-equivalent-release/assets/game019-kWCw-N9t.css                    7.36 kB │ gzip:   2.06 kB
../../tmp/game031-textures-a-equivalent-release/assets/game017-CK5_77Tc.css                    8.00 kB │ gzip:   2.01 kB
../../tmp/game031-textures-a-equivalent-release/assets/game008-Dw2mOtL-.css                    8.71 kB │ gzip:   2.51 kB
../../tmp/game031-textures-a-equivalent-release/assets/game015-Bu7X2h1W.css                    9.50 kB │ gzip:   2.45 kB
../../tmp/game031-textures-a-equivalent-release/assets/game018-DArPTEK8.css                   12.86 kB │ gzip:   2.84 kB
../../tmp/game031-textures-a-equivalent-release/assets/game007-DWkwP6NZ.css                   13.11 kB │ gzip:   3.41 kB
../../tmp/game031-textures-a-equivalent-release/assets/onboarding-XqeUbvR5.css                15.82 kB │ gzip:   3.17 kB
../../tmp/game031-textures-a-equivalent-release/assets/game016-D9wh04Pe.css                   19.14 kB │ gzip:   4.05 kB
../../tmp/game031-textures-a-equivalent-release/assets/game001-x-wgMjRp.css                   20.18 kB │ gzip:   4.90 kB
../../tmp/game031-textures-a-equivalent-release/assets/game011-BJOEgnnK.css                   22.28 kB │ gzip:   4.42 kB
../../tmp/game031-textures-a-equivalent-release/assets/game006-BPqktmAV.css                   30.75 kB │ gzip:   6.12 kB
../../tmp/game031-textures-a-equivalent-release/assets/game003-wp6nuTYC.css                   32.40 kB │ gzip:   6.75 kB
../../tmp/game031-textures-a-equivalent-release/assets/game002-CajVFlTd.css                   34.80 kB │ gzip:   7.17 kB
../../tmp/game031-textures-a-equivalent-release/assets/game004-D15XFBkN.css                   37.98 kB │ gzip:   7.67 kB
../../tmp/game031-textures-a-equivalent-release/assets/game005-BmVCnhaW.css                   47.96 kB │ gzip:   9.39 kB
../../tmp/game031-textures-a-equivalent-release/assets/config-DB2ZWgcF.js                      0.06 kB │ gzip:   0.08 kB
../../tmp/game031-textures-a-equivalent-release/assets/privacy-DXttfEFo.js                     0.09 kB │ gzip:   0.11 kB
../../tmp/game031-textures-a-equivalent-release/assets/modulepreload-polyfill-B5Qt9EMX.js      0.71 kB │ gzip:   0.40 kB
../../tmp/game031-textures-a-equivalent-release/assets/StorageService-BriUR26K.js              0.87 kB │ gzip:   0.42 kB
../../tmp/game031-textures-a-equivalent-release/assets/AudioService-jQ7Mxaav.js                0.99 kB │ gzip:   0.48 kB
../../tmp/game031-textures-a-equivalent-release/analytics-legacy.js                            0.99 kB │ gzip:   0.58 kB
../../tmp/game031-textures-a-equivalent-release/assets/RewardService-BCkL9LiK.js               1.37 kB │ gzip:   0.57 kB
../../tmp/game031-textures-a-equivalent-release/assets/ai-C02n0Tf3.js                          1.86 kB │ gzip:   1.05 kB
../../tmp/game031-textures-a-equivalent-release/assets/index-Bj2tePNZ.js                       3.69 kB │ gzip:   1.64 kB
../../tmp/game031-textures-a-equivalent-release/assets/TelemetryService-BEVqhwti.js            9.34 kB │ gzip:   3.53 kB
../../tmp/game031-textures-a-equivalent-release/assets/gameCatalog-BSD0xyw6.js                 9.41 kB │ gzip:   3.92 kB
../../tmp/game031-textures-a-equivalent-release/assets/game024-DYYAoEZP.js                    14.38 kB │ gzip:   6.08 kB
../../tmp/game031-textures-a-equivalent-release/assets/analytics-admin-BzR3Vz1a.js            14.56 kB │ gzip:   6.14 kB
../../tmp/game031-textures-a-equivalent-release/assets/game004-Ct5syi6i.js                    17.03 kB │ gzip:   6.48 kB
../../tmp/game031-textures-a-equivalent-release/assets/game020-H8R64iwp.js                    18.03 kB │ gzip:   7.39 kB
../../tmp/game031-textures-a-equivalent-release/assets/game009-9BHQ3FZe.js                    18.33 kB │ gzip:   7.37 kB
../../tmp/game031-textures-a-equivalent-release/assets/game026-L9y9538R.js                    19.01 kB │ gzip:   7.76 kB
../../tmp/game031-textures-a-equivalent-release/assets/game029-Betmw_u5.js                    20.71 kB │ gzip:   8.47 kB
../../tmp/game031-textures-a-equivalent-release/assets/game007-CedEhGbo.js                    21.20 kB │ gzip:   8.38 kB
../../tmp/game031-textures-a-equivalent-release/assets/game011-DCIHxedD.js                    22.60 kB │ gzip:   8.43 kB
../../tmp/game031-textures-a-equivalent-release/assets/game030-nfQl78xp.js                    22.96 kB │ gzip:   9.17 kB
../../tmp/game031-textures-a-equivalent-release/assets/game028-FmsB2hEC.js                    22.99 kB │ gzip:   8.71 kB
../../tmp/game031-textures-a-equivalent-release/assets/game021-C7w8jiYH.js                    23.35 kB │ gzip:   8.95 kB
../../tmp/game031-textures-a-equivalent-release/assets/game005-8wbVYZO2.js                    24.39 kB │ gzip:   9.13 kB
../../tmp/game031-textures-a-equivalent-release/assets/game001-BVVWRlTK.js                    25.44 kB │ gzip:   9.82 kB
../../tmp/game031-textures-a-equivalent-release/assets/game023-C0NNOP97.js                    25.57 kB │ gzip:  10.54 kB
../../tmp/game031-textures-a-equivalent-release/assets/game008-BorjKLyG.js                    25.88 kB │ gzip:  10.01 kB
../../tmp/game031-textures-a-equivalent-release/assets/runtime-_0EbTAGW.js                    26.19 kB │ gzip:   9.60 kB
../../tmp/game031-textures-a-equivalent-release/assets/game017-DJkWqze-.js                    27.64 kB │ gzip:  10.65 kB
../../tmp/game031-textures-a-equivalent-release/assets/game027-BQf7ilkb.js                    28.21 kB │ gzip:  10.97 kB
../../tmp/game031-textures-a-equivalent-release/assets/game016-DZCizVWy.js                    29.16 kB │ gzip:  10.30 kB
../../tmp/game031-textures-a-equivalent-release/assets/game022-B8pYmsIo.js                    29.87 kB │ gzip:  11.01 kB
../../tmp/game031-textures-a-equivalent-release/assets/onboarding-C7tjWO_Q.js                 31.72 kB │ gzip:  12.19 kB
../../tmp/game031-textures-a-equivalent-release/assets/game002-BYz5oLCT.js                    34.15 kB │ gzip:  12.56 kB
../../tmp/game031-textures-a-equivalent-release/assets/game003-BzXI5aCu.js                    43.65 kB │ gzip:  15.99 kB
../../tmp/game031-textures-a-equivalent-release/assets/game006-D7lyoWVy.js                    44.56 kB │ gzip:  15.80 kB
../../tmp/game031-textures-a-equivalent-release/assets/game019-IMKqSp_w.js                    62.43 kB │ gzip:  17.31 kB
../../tmp/game031-textures-a-equivalent-release/assets/game018-DVWwWsZo.js                    62.62 kB │ gzip:  23.85 kB
../../tmp/game031-textures-a-equivalent-release/assets/game015-CLohRrrx.js                    65.77 kB │ gzip:  18.00 kB
../../tmp/game031-textures-a-equivalent-release/assets/game025-BYGuMAtK.js                   346.60 kB │ gzip:  22.62 kB
../../tmp/game031-textures-a-equivalent-release/assets/game031-s4vUTpuk.js                   576.56 kB │ gzip: 150.30 kB
../../tmp/game031-textures-a-equivalent-release/assets/phaser-Jt__PiWe.js                  1,208.08 kB │ gzip: 332.18 kB

(!) Some chunks are larger than 500 kB after minification. Consider:
- Using dynamic import() to code-split the application
- Use build.rollupOptions.output.manualChunks to improve chunking: https://rollupjs.org/configuration-options/#output-manualchunks
- Adjust chunk size limit for this warning via build.chunkSizeWarningLimit.
✓ built in 6.96s
