desktop FAIL native JUST MAX reached [
  {
    name: 'practice-angle',
    status: 'FAIL',
    error: '44px skip-practice-button'
  },
  {
    name: 'practice-spin',
    status: 'FAIL',
    error: '44px skip-practice-button'
  },
  {
    name: 'practice-power',
    status: 'FAIL',
    error: '44px skip-practice-button'
  }
]
phone FAIL native JUST MAX reached []
narrow FAIL native JUST MAX reached [ { name: 'explanation', status: 'FAIL', error: 'vertical overflow' } ]
landscape FAIL native JUST MAX reached [
  {
    name: 'practice-angle',
    status: 'FAIL',
    error: '44px skip-practice-button'
  },
  {
    name: 'practice-spin',
    status: 'FAIL',
    error: '44px skip-practice-button'
  },
  {
    name: 'practice-power',
    status: 'FAIL',
    error: '44px skip-practice-button'
  }
]
