[
  {
    "name": "desktop",
    "pass": true,
    "edge": {
      "x": 364.01043701171875,
      "y": 306.2604064941406,
      "width": 95.81246948242188,
      "height": 95.8125
    },
    "scope": "paper44px/pen cap/paused practice; model and scores unchanged"
  },
  {
    "name": "phone",
    "pass": true,
    "edge": {
      "x": 133.14584350585938,
      "y": 231.6458282470703,
      "width": 63.37498474121094,
      "height": 63.37498474121094
    },
    "scope": "paper44px/pen cap/paused practice; model and scores unchanged"
  },
  {
    "name": "narrow",
    "pass": true,
    "edge": {
      "x": 110.54167175292969,
      "y": 226.5416717529297,
      "width": 50.25,
      "height": 50.25001525878906
    },
    "scope": "paper44px/pen cap/paused practice; model and scores unchanged"
  },
  {
    "name": "landscape",
    "pass": true,
    "edge": {
      "x": 145.90625,
      "y": 201.65625,
      "width": 73.6875,
      "height": 73.6875
    },
    "scope": "paper44px/pen cap/paused practice; model and scores unchanged"
  }
]
