[
  {
    "name": "desktop",
    "pass": true,
    "correct": 16,
    "scrollBefore": 0,
    "scrollAfter": 0,
    "errors": 0
  },
  {
    "name": "phone",
    "pass": true,
    "correct": 16,
    "scrollBefore": 0,
    "scrollAfter": 0,
    "errors": 0
  },
  {
    "name": "narrow",
    "pass": true,
    "correct": 16,
    "scrollBefore": 0,
    "scrollAfter": 65,
    "errors": 0
  },
  {
    "name": "landscape",
    "pass": true,
    "correct": 16,
    "scrollBefore": 0,
    "scrollAfter": 65,
    "errors": 0
  }
]
