pc {
  s: 'playing',
  snapshot: {
    distance: 1.3995999999999997,
    legDistance: 1.3995999999999997,
    target: 180,
    remainingDistance: 178.6004,
    score: 0,
    time: 0.34989999999999993,
    legTime: 0.34989999999999993,
    deadline: 32,
    remainingTime: 31.6501,
    alive: true,
    phase: 'walking',
    bodyLean: 0.0007927717427749283,
    bodyVelocity: 0.0050666456811818104,
    input: 0,
    pace: 'careful',
    cups: [ [Object] ],
    cupCount: 1,
    minRemaining: 100,
    pending: null,
    deliveries: 0,
    preview: null,
    activeEvent: null,
    practice: false
  },
  buttons: [
    { id: 'brand-button', x: 80, y: 8.5, w: 170, h: 52 },
    { id: '', x: 1178.359375, y: 12.5, w: 58.015625, h: 44 },
    { id: 'mute-button', x: 1244.375, y: 12.5, w: 63.625, h: 44 },
    { id: 'pause-button', x: 1316, y: 12.5, w: 44, h: 44 },
    { id: 'left-button', x: 180, y: 814, w: 370.515625, h: 61 },
    { id: 'pace-button', x: 562.515625, y: 814, w: 314.953125, h: 61 },
    { id: 'right-button', x: 889.46875, y: 814, w: 370.53125, h: 61 }
  ]
}
phone {
  s: 'playing',
  snapshot: {
    distance: 1.1336000000000015,
    legDistance: 1.1336000000000015,
    target: 180,
    remainingDistance: 178.8664,
    score: 0,
    time: 0.2834000000000004,
    legTime: 0.2834000000000004,
    deadline: 32,
    remainingTime: 31.7166,
    alive: true,
    phase: 'walking',
    bodyLean: 0.0004832087269609276,
    bodyVelocity: 0.004121694534779458,
    input: 0,
    pace: 'careful',
    cups: [ [Object] ],
    cupCount: 1,
    minRemaining: 100,
    pending: null,
    deliveries: 0,
    preview: null,
    activeEvent: null,
    practice: false
  },
  buttons: [
    { id: 'brand-button', x: 10, y: 8.5, w: 126.015625, h: 44 },
    { id: '', x: 238.375, y: 8.5, w: 42, h: 44 },
    { id: 'mute-button', x: 284.375, y: 8.5, w: 47.625, h: 44 },
    { id: 'pause-button', x: 336, y: 8.5, w: 44, h: 44 },
    { id: 'left-button', x: 10, y: 533.5, w: 126.3125, h: 54 },
    { id: 'pace-button', x: 141.3125, y: 533.5, w: 107.359375, h: 54 },
    {
      id: 'right-button',
      x: 253.671875,
      y: 533.5,
      w: 126.328125,
      h: 54
    }
  ]
}
narrow {
  s: 'playing',
  snapshot: {
    distance: 1.3336,
    legDistance: 1.3336,
    target: 180,
    remainingDistance: 178.6664,
    score: 0,
    time: 0.3334,
    legTime: 0.3334,
    deadline: 32,
    remainingTime: 31.6666,
    alive: true,
    phase: 'walking',
    bodyLean: 0.0007103216521471919,
    bodyVelocity: 0.0048686324128316616,
    input: 0,
    pace: 'careful',
    cups: [ [Object] ],
    cupCount: 1,
    minRemaining: 100,
    pending: null,
    deliveries: 0,
    preview: null,
    activeEvent: null,
    practice: false
  },
  buttons: [
    { id: 'brand-button', x: 6, y: 8.5, w: 110.015625, h: 44 },
    { id: '', x: 182.984375, y: 8.5, w: 37.015625, h: 44 },
    { id: 'mute-button', x: 223, y: 8.5, w: 44, h: 44 },
    { id: 'pause-button', x: 270, y: 8.5, w: 44, h: 44 },
    { id: 'left-button', x: 6, y: 462.1875, w: 104.546875, h: 54 },
    {
      id: 'pace-button',
      x: 115.546875,
      y: 462.1875,
      w: 88.890625,
      h: 54
    },
    {
      id: 'right-button',
      x: 209.4375,
      y: 462.1875,
      w: 104.5625,
      h: 54
    }
  ]
}
landscape {
  s: 'playing',
  snapshot: {
    distance: 1.3996000000000008,
    legDistance: 1.3996000000000008,
    target: 180,
    remainingDistance: 178.6004,
    score: 0,
    time: 0.3499000000000002,
    legTime: 0.3499000000000002,
    deadline: 32,
    remainingTime: 31.6501,
    alive: true,
    phase: 'walking',
    bodyLean: 0.0007927650432243031,
    bodyVelocity: 0.005066627371342799,
    input: 0,
    pace: 'careful',
    cups: [ [Object] ],
    cupCount: 1,
    minRemaining: 100,
    pending: null,
    deliveries: 0,
    preview: null,
    activeEvent: null,
    practice: false
  },
  buttons: [
    { id: 'brand-button', x: 10, y: 2, w: 130.015625, h: 44 },
    { id: '', x: 652.359375, y: 2, w: 58.015625, h: 44 },
    { id: 'mute-button', x: 718.375, y: 2, w: 63.625, h: 44 },
    { id: 'pause-button', x: 790, y: 2, w: 44, h: 44 },
    { id: 'left-button', x: 10, y: 331, w: 284.90625, h: 44 },
    { id: 'pace-button', x: 300.90625, y: 331, w: 242.171875, h: 44 },
    { id: 'right-button', x: 549.078125, y: 331, w: 284.921875, h: 44 }
  ]
}
