
Running 4 tests using 1 worker

(node:157614) Warning: The 'NO_COLOR' env is ignored due to the 'FORCE_COLOR' env being set.
(Use `node --trace-warnings ...` to show where the warning was created)
  ✓  1 [legacy-desktop] › tests/e2e/legacy-migration.spec.ts:42:1 › Original Tachibana keyboard/touch rhythm practice, scoring, pause, genuine misses and native retry remain intact (57.5s)
  ✘  2 [legacy-desktop] › tests/e2e/legacy-migration.spec.ts:70:1 › Original Finger Heart normal URL remains uninstrumented; existing readonly QA observations prove native success/failure/retry/reload (19.8s)
(node:157821) Warning: The 'NO_COLOR' env is ignored due to the 'FORCE_COLOR' env being set.
(Use `node --trace-warnings ...` to show where the warning was created)
  ✓  3 [legacy-mobile-landscape] › tests/e2e/legacy-migration.spec.ts:42:1 › Original Tachibana keyboard/touch rhythm practice, scoring, pause, genuine misses and native retry remain intact (57.3s)
  ✓  4 [legacy-mobile-landscape] › tests/e2e/legacy-migration.spec.ts:70:1 › Original Finger Heart normal URL remains uninstrumented; existing readonly QA observations prove native success/failure/retry/reload (14.8s)


  1) [legacy-desktop] › tests/e2e/legacy-migration.spec.ts:70:1 › Original Finger Heart normal URL remains uninstrumented; existing readonly QA observations prove native success/failure/retry/reload 

    TimeoutError: frame.waitForFunction: Timeout 5000ms exceeded.

      81 |   // Cache focus outside the subsecond JUDGING input check.
      82 |   await fingerInput();expect((await status()).score).toBe(1);
    > 83 |   await frame.waitForFunction(()=>(window as any).__fingerHeart?.state===0&&(window as any).__fingerHeart.hand!==0,null,{polling:'raf',timeout:5000});
         |               ^
      84 |   await fingerInput();await expect.poll(async()=>(await status()).state).toBe(3);const failed=await status();expect(failed.ending).toBe('Failure');expect(failed.score).toBe(1);
      85 |   await frame.locator('#canvas').screenshot({path:info.outputPath('finger-natural-failure.png')});
      86 |   const r=(await frame.locator('#canvas').boundingBox())!,retry=failed.retry;const x=r.x+(retry[0]+retry[2]/2)/failed.width*r.width,y=r.y+(retry[1]+retry[3]/2)/failed.height*r.height;
        at /workspace/orbit-shift/tests/e2e/legacy-migration.spec.ts:83:15

    attachment #1: screenshot (image/png) ──────────────────────────────────────────────────────────
    artifacts/fourteen-game-migration-retarget2/legacy-migration-Original--b57cb-uccess-failure-retry-reload-legacy-desktop/test-failed-1.png
    ────────────────────────────────────────────────────────────────────────────────────────────────

    Error Context: artifacts/fourteen-game-migration-retarget2/legacy-migration-Original--b57cb-uccess-failure-retry-reload-legacy-desktop/error-context.md

    attachment #3: trace (application/zip) ─────────────────────────────────────────────────────────
    artifacts/fourteen-game-migration-retarget2/legacy-migration-Original--b57cb-uccess-failure-retry-reload-legacy-desktop/trace.zip
    Usage:

        npx playwright show-trace artifacts/fourteen-game-migration-retarget2/legacy-migration-Original--b57cb-uccess-failure-retry-reload-legacy-desktop/trace.zip

    ────────────────────────────────────────────────────────────────────────────────────────────────

  1 failed
    [legacy-desktop] › tests/e2e/legacy-migration.spec.ts:70:1 › Original Finger Heart normal URL remains uninstrumented; existing readonly QA observations prove native success/failure/retry/reload 
  3 passed (2.5m)
