BEFORE {
  clock: 6.750204081632653,
  combo: 0,
  counts: { GOOD: 0, MISS: 0, OK: 0, PERFECT: 0 },
  misses: 0,
  ojt: false,
  phase: 'answer',
  portrait: false,
  round: 0,
  score: 0,
  stage: 0,
  state: 'playing',
  task: 40
}
AFTER {
  clock: 6.938866213151927,
  combo: 1,
  counts: { GOOD: 1, MISS: 0, OK: 0, PERFECT: 0 },
  misses: 0,
  ojt: false,
  phase: 'answer',
  portrait: false,
  round: 0,
  score: 70,
  stage: 0,
  state: 'playing',
  task: 42.5
}
BEFORE {
  clock: 7.4293877551020415,
  combo: 1,
  counts: { GOOD: 1, MISS: 0, OK: 0, PERFECT: 0 },
  misses: 0,
  ojt: false,
  phase: 'answer',
  portrait: false,
  round: 0,
  score: 70,
  stage: 0,
  state: 'playing',
  task: 42.5
}
AFTER {
  clock: 7.629659863945578,
  combo: 2,
  counts: { GOOD: 2, MISS: 0, OK: 0, PERFECT: 0 },
  misses: 0,
  ojt: false,
  phase: 'answer',
  portrait: false,
  round: 0,
  score: 140,
  stage: 0,
  state: 'playing',
  task: 45
}
BEFORE {
  clock: 8.099863945578232,
  combo: 2,
  counts: { GOOD: 2, MISS: 0, OK: 0, PERFECT: 0 },
  misses: 0,
  ojt: false,
  phase: 'answer',
  portrait: false,
  round: 0,
  score: 140,
  stage: 0,
  state: 'playing',
  task: 45
}
AFTER {
  clock: 8.268208616780045,
  combo: 3,
  counts: { GOOD: 3, MISS: 0, OK: 0, PERFECT: 0 },
  misses: 0,
  ojt: false,
  phase: 'answer',
  portrait: false,
  round: 0,
  score: 210,
  stage: 0,
  state: 'playing',
  task: 47.5
}
BEFORE {
  clock: 8.750022675736963,
  combo: 3,
  counts: { GOOD: 3, MISS: 0, OK: 0, PERFECT: 0 },
  misses: 0,
  ojt: false,
  phase: 'answer',
  portrait: false,
  round: 0,
  score: 210,
  stage: 0,
  state: 'playing',
  task: 47.5
}
AFTER {
  clock: 8.929977324263039,
  combo: 4,
  counts: { GOOD: 4, MISS: 0, OK: 0, PERFECT: 0 },
  misses: 0,
  ojt: false,
  phase: 'answer',
  portrait: false,
  round: 0,
  score: 280,
  stage: 0,
  state: 'playing',
  task: 50
}
FINAL {
  status: {
    combo: 4,
    counts: { GOOD: 4, MISS: 0, OK: 0, PERFECT: 0 },
    misses: 0,
    ojt: false,
    phase: 'reaction',
    portrait: false,
    round: 0,
    score: 280,
    stage: 0,
    state: 'practice_result',
    task: 50
  },
  events: [
    {
      type: 'keydown',
      key: '1',
      target: 'canvas',
      clock: 6.808253968253968,
      status: [Object]
    },
    {
      type: 'keyup',
      key: '1',
      target: 'canvas',
      clock: 6.869206349206349,
      status: [Object]
    },
    {
      type: 'keydown',
      key: '2',
      target: 'canvas',
      clock: 7.4787301587301585,
      status: [Object]
    },
    {
      type: 'keyup',
      key: '2',
      target: 'canvas',
      clock: 7.5600000000000005,
      status: [Object]
    },
    {
      type: 'keydown',
      key: '3',
      target: 'canvas',
      clock: 8.14920634920635,
      status: [Object]
    },
    {
      type: 'keyup',
      key: '3',
      target: 'canvas',
      clock: 8.21015873015873,
      status: [Object]
    },
    {
      type: 'keydown',
      key: '4',
      target: 'canvas',
      clock: 8.81968253968254,
      status: [Object]
    },
    {
      type: 'keyup',
      key: '4',
      target: 'canvas',
      clock: 8.869024943310658,
      status: [Object]
    }
  ]
}
