[
  {
    name: 'pc',
    status: 'PASS',
    layout: { buttons: [Array], images: [Array] },
    errors: []
  },
  {
    name: 'phone',
    status: 'PASS',
    layout: { buttons: [Array], images: [Array] },
    errors: []
  },
  {
    name: 'narrow',
    status: 'PASS',
    layout: { buttons: [Array], images: [Array] },
    errors: []
  },
  {
    name: 'landscape',
    status: 'PASS',
    layout: { buttons: [Array], images: [Array] },
    errors: []
  },
  {
    name: 'storage-denied',
    status: 'PASS',
    method: 'browser environmental fixture overrides storage, actual click advances ordinary model'
  }
]
