
 RUN  v3.2.7 /workspace/Badgio0906-web-mini-game-arcade

stdout | tests/unit/game007.test.ts > Game007 transport rules v2 > three scenarios reward planning and do not make always-light or always-full optimal
POLICY_RESULTS [{"scenario":0,"greedy":1190,"light":1180,"planning":2940},{"scenario":1,"greedy":2430,"light":1440,"planning":1880},{"scenario":2,"greedy":1760,"light":1410,"planning":3340}]

 ❯ tests/unit/game007.test.ts (8 tests | 1 failed) 75ms
   ✓ Game007 transport rules v2 > scores only at actual destination after deterministic unload; weight conserved and passenger removed 6ms
   ✓ Game007 transport rules v2 > prevents overload without finishing, exposes projection and leaves declined candidates permanently consumed 3ms
   ✓ Game007 transport rules v2 > departing non-full preserves room for valuable next-floor delivery and grouped destinations share unload stop 4ms
   ✓ Game007 transport rules v2 > deadlines use same model time and expired passengers unload but earn zero 4ms
   × Game007 transport rules v2 > three scenarios reward planning and do not make always-light or always-full optimal 46ms
     → expected false to be true // Object.is equality
   ✓ Game007 transport rules v2 > roof offer is conditional, freezes clock and either finishes or starts special capacity tradeoff 7ms
   ✓ Game007 transport rules v2 > practice uses same transport but isolated short scenario can teach non-full depart and express delivery 1ms
   ✓ Game007 transport rules v2 > finite timeout ends once; readonly snapshots and invalid dt cannot corrupt run or queue 2ms

⎯⎯⎯⎯⎯⎯⎯ Failed Tests 1 ⎯⎯⎯⎯⎯⎯⎯

 FAIL  tests/unit/game007.test.ts > Game007 transport rules v2 > three scenarios reward planning and do not make always-light or always-full optimal
AssertionError: expected false to be true // Object.is equality

- Expected
+ Received

- true
+ false

 ❯ tests/unit/game007.test.ts:63:55


⎯⎯⎯⎯⎯⎯⎯⎯⎯⎯⎯⎯⎯⎯⎯⎯⎯⎯⎯⎯⎯⎯⎯⎯[1/1]⎯


 Test Files  1 failed (1)
      Tests  1 failed | 7 passed (8)
   Start at  01:41:56
   Duration  349ms (transform 57ms, setup 0ms, collect 66ms, tests 75ms, environment 0ms, prepare 58ms)

