
Running 33 tests using 1 worker

(node:119366) Warning: The 'NO_COLOR' env is ignored due to the 'FORCE_COLOR' env being set.
(Use `node --trace-warnings ...` to show where the warning was created)
  ✓   1 [mobile-portrait] › tests/e2e/arcade-onboarding.spec.ts:6:3 › game001: first real practice is isolated, completion is deliberate, reload skips it and repeat practice stays separate (11.5s)
  ✓   2 [mobile-portrait] › tests/e2e/arcade-onboarding.spec.ts:6:3 › game002: first real practice is isolated, completion is deliberate, reload skips it and repeat practice stays separate (26.1s)
  ✓   3 [mobile-portrait] › tests/e2e/arcade-onboarding.spec.ts:6:3 › game003: first real practice is isolated, completion is deliberate, reload skips it and repeat practice stays separate (19.6s)
  ✓   4 [mobile-portrait] › tests/e2e/arcade-onboarding.spec.ts:6:3 › game004: first real practice is isolated, completion is deliberate, reload skips it and repeat practice stays separate (8.7s)
  ✓   5 [mobile-portrait] › tests/e2e/arcade-onboarding.spec.ts:6:3 › game005: first real practice is isolated, completion is deliberate, reload skips it and repeat practice stays separate (3.0s)
  ✓   6 [mobile-portrait] › tests/e2e/arcade-onboarding.spec.ts:6:3 › game006: first real practice is isolated, completion is deliberate, reload skips it and repeat practice stays separate (23.7s)
  ✓   7 [mobile-portrait] › tests/e2e/arcade-onboarding.spec.ts:6:3 › game007: first real practice is isolated, completion is deliberate, reload skips it and repeat practice stays separate (7.1s)
  ✓   8 [mobile-portrait] › tests/e2e/arcade-onboarding.spec.ts:6:3 › game008: first real practice is isolated, completion is deliberate, reload skips it and repeat practice stays separate (5.6s)
  ✓   9 [mobile-portrait] › tests/e2e/arcade-onboarding.spec.ts:6:3 › game009: first real practice is isolated, completion is deliberate, reload skips it and repeat practice stays separate (2.9s)
  ✓  10 [mobile-portrait] › tests/e2e/arcade-onboarding.spec.ts:6:3 › game010: first real practice is isolated, completion is deliberate, reload skips it and repeat practice stays separate (7.6s)
  ✓  11 [mobile-portrait] › tests/e2e/arcade-onboarding.spec.ts:6:3 › game011: first real practice is isolated, completion is deliberate, reload skips it and repeat practice stays separate (3.2s)
  -  12 [mobile-portrait] › tests/e2e/arcade-onboarding.spec.ts:54:1 › held practice input cannot automatically activate the newly focused real-start button
  -  13 [mobile-portrait] › tests/e2e/arcade-onboarding.spec.ts:66:1 › native Enter auto-repeat during successful practice cannot click the new real-start control
  -  14 [mobile-portrait] › tests/e2e/arcade-onboarding.spec.ts:77:1 › all eleven explanation, practice and success controls fit the eight viewport sizes without reducing primary targets
  ✓  15 [mobile-portrait] › tests/e2e/arcade-portal.spec.ts:5:1 › portal exposes eleven real illustrated cards, PC/mobile columns and complete titles without fabricated rankings (2.0s)
  ✓  16 [mobile-portrait] › tests/e2e/arcade-portal.spec.ts:27:1 › each whole card launches its direct route; refresh and native return link keep the portal and base prefix intact (24.8s)
  -  17 [mobile-portrait] › tests/e2e/arcade-revised-ux.spec.ts:5:1 › Elevator native RIGHT boards and LEFT refuses; real weight arithmetic and unloading remain readable at eight sizes
  -  18 [mobile-portrait] › tests/e2e/arcade-revised-ux.spec.ts:35:1 › Coffee actual liquid slope is attributed to its cup and all distance/remaining/arrow information stays inside the game window
  -  19 [mobile-portrait] › tests/e2e/arcade-revised-ux.spec.ts:59:1 › Meeting uses two distinct generated foreground images through real LISTEN/WORK inputs without extra image loads
  -  20 [mobile-portrait] › tests/e2e/arcade-unlimited.spec.ts:50:3 › game001: saved zero credits allows three genuine endings and retries without wallet or reward activity
  -  21 [mobile-portrait] › tests/e2e/arcade-unlimited.spec.ts:50:3 › game002: saved zero credits allows three genuine endings and retries without wallet or reward activity
  -  22 [mobile-portrait] › tests/e2e/arcade-unlimited.spec.ts:50:3 › game003: saved zero credits allows three genuine endings and retries without wallet or reward activity
  -  23 [mobile-portrait] › tests/e2e/arcade-unlimited.spec.ts:50:3 › game004: saved zero credits allows three genuine endings and retries without wallet or reward activity
  -  24 [mobile-portrait] › tests/e2e/arcade-unlimited.spec.ts:50:3 › game005: saved zero credits allows three genuine endings and retries without wallet or reward activity
  -  25 [mobile-portrait] › tests/e2e/arcade-unlimited.spec.ts:50:3 › game006: saved zero credits allows three genuine endings and retries without wallet or reward activity
  -  26 [mobile-portrait] › tests/e2e/arcade-unlimited.spec.ts:50:3 › game007: saved zero credits allows three genuine endings and retries without wallet or reward activity
  -  27 [mobile-portrait] › tests/e2e/arcade-unlimited.spec.ts:50:3 › game008: saved zero credits allows three genuine endings and retries without wallet or reward activity
  -  28 [mobile-portrait] › tests/e2e/arcade-unlimited.spec.ts:50:3 › game009: saved zero credits allows three genuine endings and retries without wallet or reward activity
  -  29 [mobile-portrait] › tests/e2e/arcade-unlimited.spec.ts:50:3 › game010: saved zero credits allows three genuine endings and retries without wallet or reward activity
  -  30 [mobile-portrait] › tests/e2e/arcade-unlimited.spec.ts:50:3 › game011: saved zero credits allows three genuine endings and retries without wallet or reward activity
  ✓  31 [mobile-portrait] › tests/e2e/game011.spec.ts:12:1 › Quiz ordinary image/text answers reach both final modes, preserve untimed reading, release READY fairly and update independent records (18.4s)
  -  32 [mobile-portrait] › tests/e2e/game011.spec.ts:75:1 › Quiz native held/repeated arrows never carry an answer across questions; exact wall deadline blocks a late native answer
  -  33 [mobile-portrait] › tests/e2e/game011.spec.ts:92:1 › Quiz actual initial question, pause and earned wrong-result retain full readable information and 44px actions at eight sizes

  19 skipped
  14 passed (2.8m)
