
> orbit-shift@0.1.0 test
> vitest run


 RUN  v3.2.7 /workspace/orbit-shift

 ✓ tests/unit/game006.test.ts (8 tests) 3180ms
   ✓ PARK IT! geometry and ordinary gauge play > all seven visible designed templates are achievable via legal gauge waits in normal and narrow forbidden modes  2177ms
   ✓ PARK IT! geometry and ordinary gauge play > grades actual offset precision, caps consecutive Perfect bonus and bounds retained objects over60 successes  585ms
 ✓ tests/unit/gameplay.test.ts (7 tests) 3345ms
   ✓ difficulty and fair pattern generation > safe reactive policy survives ten minutes with bounded object lists (seed 1)  1210ms
   ✓ difficulty and fair pattern generation > safe reactive policy survives ten minutes with bounded object lists (seed 17)  1051ms
   ✓ difficulty and fair pattern generation > safe reactive policy survives ten minutes with bounded object lists (seed 77)  942ms
 ✓ tests/unit/game008.test.ts (9 tests) 967ms
   ✓ Coffee real liquid inertia, gradual overflow and earned cup choices > all five hazards give honest warning lead, do not overlap, and bound the queue across five long routes  473ms
 ✓ tests/unit/game011.test.ts (9 tests) 1343ms
   ✓ UNKO or UKON explicit phases, real deadlines and public-input scoring > more than five thousand independent placements per phase approach50:50 and permit repeated same-side answers  1271ms
 ✓ tests/unit/workday-escalation.test.ts (7 tests) 5003ms
   ✓ Workday milestone and endless journey > five seeded walking and biking journeys pass 5000m with bounded visible resources and only two offers  4647ms
 ✓ tests/unit/game010.test.ts (7 tests) 680ms
   ✓ Meeting public attention, truthful cues and irreversible overtime > observed cue callbacks retain full advertised lead over long work policies; distinct feints are safe while working  645ms
 ✓ tests/unit/game002.test.ts (8 tests) 608ms
   ✓ WORKDAY DODGE model > five seeded reactive runs reach 1000m, cover all four opponent types and keep generation bounded  584ms
 ✓ tests/unit/game007.test.ts (7 tests) 542ms
   ✓ Elevator capacity, real delivery and irreversible20F choice > five long legal policies preserve manifest weights, forecasts and bounded aboard data, including fast mode  333ms
 ✓ tests/unit/game009.test.ts (7 tests) 253ms
 ✓ tests/unit/game003.test.ts (9 tests) 131ms
 ✓ tests/unit/revision-features.test.ts (10 tests) 71ms
 ✓ tests/unit/game005.test.ts (6 tests) 58ms
 ✓ tests/unit/tower-escalation.test.ts (4 tests) 61ms
 ✓ tests/unit/game004.test.ts (6 tests) 25ms
 ✓ tests/unit/arcade-credits.test.ts (5 tests) 25ms
 ✓ tests/unit/sort-localization.test.ts (3 tests) 21ms
 ✓ tests/unit/arcade-practice.test.ts (24 tests) 13ms
 ✓ tests/unit/services.test.ts (17 tests) 13ms

 Test Files  18 passed (18)
      Tests  153 passed (153)
   Start at  11:41:15
   Duration  7.32s (transform 823ms, setup 0ms, collect 1.19s, tests 16.34s, environment 4ms, prepare 1.28s)

