
> orbit-shift@0.1.0 test
> vitest run


 RUN  v3.2.7 /workspace/orbit-shift

 ✓ tests/unit/game016.test.ts (10 tests) 99ms
 ✓ tests/unit/game008.test.ts (9 tests) 1038ms
   ✓ Coffee real liquid inertia, gradual overflow and earned cup choices > all five hazards give honest warning lead, do not overlap, and bound the queue across five long routes  495ms
 ✓ tests/unit/game011.test.ts (11 tests) 1371ms
   ✓ UNKO or UKON explicit phases, real deadlines and public-input scoring > more than five thousand independent placements per phase approach50:50 and permit repeated same-side answers  1273ms
 ✓ tests/unit/game006.test.ts (8 tests) 3063ms
   ✓ PARK IT! geometry and ordinary gauge play > all seven visible designed templates are achievable via legal gauge waits in normal and narrow forbidden modes  2091ms
   ✓ PARK IT! geometry and ordinary gauge play > grades actual offset precision, caps consecutive Perfect bonus and bounds retained objects over60 successes  592ms
 ✓ tests/unit/game007.test.ts (7 tests) 511ms
 ✓ tests/unit/game009.test.ts (7 tests) 256ms
 ✓ tests/unit/game015.test.ts (18 tests) 4242ms
   ✓ authored descending routes and bounded endless generation > public steering/braking safely crosses1000m without freezing and continues5000m with bounded arrays and all material types  3987ms
 ✓ tests/unit/game002.test.ts (8 tests) 665ms
   ✓ WORKDAY DODGE model > five seeded reactive runs reach 1000m, cover all four opponent types and keep generation bounded  642ms
 ✓ tests/unit/game003.test.ts (9 tests) 124ms
 ✓ tests/unit/revision-features.test.ts (10 tests) 64ms
 ✓ tests/unit/arcade-practice.test.ts (24 tests) 13ms
 ✓ tests/unit/services.test.ts (17 tests) 12ms
 ✓ tests/unit/game010.test.ts (7 tests) 594ms
   ✓ Meeting public attention, truthful cues and irreversible overtime > observed cue callbacks retain full advertised lead over long work policies; distinct feints are safe while working  565ms
 ✓ tests/unit/game005.test.ts (6 tests) 58ms
 ✓ tests/unit/game004.test.ts (6 tests) 28ms
 ✓ tests/unit/tower-escalation.test.ts (4 tests) 72ms
 ✓ tests/unit/game015-practice.test.ts (8 tests) 16ms
 ✓ tests/unit/game016-wallet.test.ts (2 tests) 12ms
 ✓ tests/unit/game016-practice.test.ts (3 tests) 8ms
 ✓ tests/unit/arcade-credits.test.ts (5 tests) 22ms
 ✓ tests/unit/sort-localization.test.ts (3 tests) 20ms
 ✓ tests/unit/workday-escalation.test.ts (7 tests) 4323ms
   ✓ Workday milestone and endless journey > five seeded walking and biking journeys pass 5000m with bounded visible resources and only two offers  4167ms
 ✓ tests/unit/gameplay.test.ts (7 tests) 2961ms
   ✓ difficulty and fair pattern generation > safe reactive policy survives ten minutes with bounded object lists (seed 1)  980ms
   ✓ difficulty and fair pattern generation > safe reactive policy survives ten minutes with bounded object lists (seed 17)  942ms
   ✓ difficulty and fair pattern generation > safe reactive policy survives ten minutes with bounded object lists (seed 77)  955ms

 Test Files  23 passed (23)
      Tests  196 passed (196)
   Start at  01:54:52
   Duration  9.32s (transform 856ms, setup 0ms, collect 1.34s, tests 19.57s, environment 4ms, prepare 1.43s)

