node:internal/modules/run_main:107
    triggerUncaughtException(
    ^

AssertionError [ERR_ASSERTION]: Expected values to be strictly deep-equal:
+ actual - expected

+ [
+   'Failed to load resource: the server responded with a status of 404 (Not Found)',
+   'Failed to load resource: the server responded with a status of 404 (Not Found)'
+ ]
- []

    at nativeFlow (file:///workspace/orbit-shift/tests/game015/probe.mjs:154:12)
    at async main (file:///workspace/orbit-shift/tests/game015/probe.mjs:173:61)
    at async file:///workspace/orbit-shift/tests/game015/probe.mjs:176:64 {
  generatedMessage: true,
  code: 'ERR_ASSERTION',
  actual: [
    'Failed to load resource: the server responded with a status of 404 (Not Found)',
    'Failed to load resource: the server responded with a status of 404 (Not Found)'
  ],
  expected: [],
  operator: 'deepStrictEqual',
  diff: 'simple'
}

Node.js v24.19.0
