Refreshing run status every 10 seconds. Press Ctrl+C to quit.

* main Build and deploy arcade · 37729093975
Triggered via push about 1 minute ago

JOBS
* build (ID 113153896409)
  ✓ Set up job
  ✓ Run actions/checkout@v4
  ✓ Run actions/setup-node@v4
  ✓ Run npm ci
  * Run npm test
  * Offline Jev helper contract tests (no API calls)
  * Run npm run build
  * Run actions/configure-pages@v5
  * Run actions/upload-pages-artifact@v3
  * Post Run actions/setup-node@v4
  * Post Run actions/checkout@v4
Refreshing run status every 10 seconds. Press Ctrl+C to quit.

* main Build and deploy arcade · 37729093975
Triggered via push about 1 minute ago

JOBS
* build (ID 113153896409)
  ✓ Set up job
  ✓ Run actions/checkout@v4
  ✓ Run actions/setup-node@v4
  ✓ Run npm ci
  ✓ Run npm test
  ✓ Offline Jev helper contract tests (no API calls)
  * Run npm run build
  * Run actions/configure-pages@v5
  * Run actions/upload-pages-artifact@v3
  * Post Run actions/setup-node@v4
  * Post Run actions/checkout@v4
Refreshing run status every 10 seconds. Press Ctrl+C to quit.

* main Build and deploy arcade · 37729093975
Triggered via push about 1 minute ago

JOBS
* build (ID 113153896409)
  ✓ Set up job
  ✓ Run actions/checkout@v4
  ✓ Run actions/setup-node@v4
  ✓ Run npm ci
  ✓ Run npm test
  ✓ Offline Jev helper contract tests (no API calls)
  ✓ Run npm run build
  ✓ Run actions/configure-pages@v5
  * Run actions/upload-pages-artifact@v3
  * Post Run actions/setup-node@v4
  * Post Run actions/checkout@v4
Refreshing run status every 10 seconds. Press Ctrl+C to quit.

* main Build and deploy arcade · 37729093975
Triggered via push about 1 minute ago

JOBS
✓ build in 1m25s (ID 113153896409)
  ✓ Set up job
  ✓ Run actions/checkout@v4
  ✓ Run actions/setup-node@v4
  ✓ Run npm ci
  ✓ Run npm test
  ✓ Offline Jev helper contract tests (no API calls)
  ✓ Run npm run build
  ✓ Run actions/configure-pages@v5
  ✓ Run actions/upload-pages-artifact@v3
  ✓ Post Run actions/setup-node@v4
  ✓ Post Run actions/checkout@v4
  ✓ Complete job
* deploy (ID 113154252333)

ANNOTATIONS
! Node.js 20 is deprecated. The following actions target Node.js 20 but are being forced to run on Node.js 24: actions/checkout@v4, actions/configure-pages@v5, actions/setup-node@v4, actions/upload-artifact@v4. For more information see: https://github.blog/changelog/2025-09-19-deprecation-of-node-20-on-github-actions-runners/
build: .github#2

- "The ubuntu-latest label will migrate to Ubuntu 26 beginning October 19, 2026. For more information, see https://github.com/actions/runner-images/issues/14748"
build: .github#1

Refreshing run status every 10 seconds. Press Ctrl+C to quit.

* main Build and deploy arcade · 37729093975
Triggered via push about 1 minute ago

JOBS
✓ build in 1m25s (ID 113153896409)
  ✓ Set up job
  ✓ Run actions/checkout@v4
  ✓ Run actions/setup-node@v4
  ✓ Run npm ci
  ✓ Run npm test
  ✓ Offline Jev helper contract tests (no API calls)
  ✓ Run npm run build
  ✓ Run actions/configure-pages@v5
  ✓ Run actions/upload-pages-artifact@v3
  ✓ Post Run actions/setup-node@v4
  ✓ Post Run actions/checkout@v4
  ✓ Complete job
* deploy (ID 113154252333)

ANNOTATIONS
! Node.js 20 is deprecated. The following actions target Node.js 20 but are being forced to run on Node.js 24: actions/checkout@v4, actions/configure-pages@v5, actions/setup-node@v4, actions/upload-artifact@v4. For more information see: https://github.blog/changelog/2025-09-19-deprecation-of-node-20-on-github-actions-runners/
build: .github#2

- "The ubuntu-latest label will migrate to Ubuntu 26 beginning October 19, 2026. For more information, see https://github.com/actions/runner-images/issues/14748"
build: .github#1

Refreshing run status every 10 seconds. Press Ctrl+C to quit.

* main Build and deploy arcade · 37729093975
Triggered via push about 1 minute ago

JOBS
✓ build in 1m25s (ID 113153896409)
  ✓ Set up job
  ✓ Run actions/checkout@v4
  ✓ Run actions/setup-node@v4
  ✓ Run npm ci
  ✓ Run npm test
  ✓ Offline Jev helper contract tests (no API calls)
  ✓ Run npm run build
  ✓ Run actions/configure-pages@v5
  ✓ Run actions/upload-pages-artifact@v3
  ✓ Post Run actions/setup-node@v4
  ✓ Post Run actions/checkout@v4
  ✓ Complete job
* deploy (ID 113154252333)

ANNOTATIONS
! Node.js 20 is deprecated. The following actions target Node.js 20 but are being forced to run on Node.js 24: actions/checkout@v4, actions/configure-pages@v5, actions/setup-node@v4, actions/upload-artifact@v4. For more information see: https://github.blog/changelog/2025-09-19-deprecation-of-node-20-on-github-actions-runners/
build: .github#2

- "The ubuntu-latest label will migrate to Ubuntu 26 beginning October 19, 2026. For more information, see https://github.com/actions/runner-images/issues/14748"
build: .github#1

Refreshing run status every 10 seconds. Press Ctrl+C to quit.

* main Build and deploy arcade · 37729093975
Triggered via push about 2 minutes ago

JOBS
✓ build in 1m25s (ID 113153896409)
  ✓ Set up job
  ✓ Run actions/checkout@v4
  ✓ Run actions/setup-node@v4
  ✓ Run npm ci
  ✓ Run npm test
  ✓ Offline Jev helper contract tests (no API calls)
  ✓ Run npm run build
  ✓ Run actions/configure-pages@v5
  ✓ Run actions/upload-pages-artifact@v3
  ✓ Post Run actions/setup-node@v4
  ✓ Post Run actions/checkout@v4
  ✓ Complete job
* deploy (ID 113154252333)

ANNOTATIONS
! Node.js 20 is deprecated. The following actions target Node.js 20 but are being forced to run on Node.js 24: actions/checkout@v4, actions/configure-pages@v5, actions/setup-node@v4, actions/upload-artifact@v4. For more information see: https://github.blog/changelog/2025-09-19-deprecation-of-node-20-on-github-actions-runners/
build: .github#2

- "The ubuntu-latest label will migrate to Ubuntu 26 beginning October 19, 2026. For more information, see https://github.com/actions/runner-images/issues/14748"
build: .github#1

✓ main Build and deploy arcade · 37729093975
Triggered via push about 2 minutes ago

JOBS
✓ build in 1m25s (ID 113153896409)
  ✓ Set up job
  ✓ Run actions/checkout@v4
  ✓ Run actions/setup-node@v4
  ✓ Run npm ci
  ✓ Run npm test
  ✓ Offline Jev helper contract tests (no API calls)
  ✓ Run npm run build
  ✓ Run actions/configure-pages@v5
  ✓ Run actions/upload-pages-artifact@v3
  ✓ Post Run actions/setup-node@v4
  ✓ Post Run actions/checkout@v4
  ✓ Complete job
✓ deploy in 8s (ID 113154252333)
  ✓ Set up job
  ✓ Deploy
  ✓ Complete job

ANNOTATIONS
! Node.js 20 is deprecated. The following actions target Node.js 20 but are being forced to run on Node.js 24: actions/checkout@v4, actions/configure-pages@v5, actions/setup-node@v4, actions/upload-artifact@v4. For more information see: https://github.blog/changelog/2025-09-19-deprecation-of-node-20-on-github-actions-runners/
build: .github#2

- "The ubuntu-latest label will migrate to Ubuntu 26 beginning October 19, 2026. For more information, see https://github.com/actions/runner-images/issues/14748"
build: .github#1

