desktop capture title
desktop capture explanation
desktop capture practice-angle
desktop capture practice-spin
desktop capture practice-power
desktop capture practice-complete
desktop capture selection
desktop capture sneaker-distance-normal-angle-pose
desktop capture sneaker-distance-normal-angle-lock
desktop capture sneaker-distance-normal-spin-zoom
desktop capture sneaker-distance-normal-power-gauge
desktop capture sneaker-distance-normal-kick
desktop capture sneaker-distance-normal-flight-1
desktop capture sneaker-distance-normal-flight-63
desktop capture sneaker-distance-normal-flight-125
desktop capture sneaker-distance-normal-flight-187
desktop capture sneaker-distance-normal-event-BONK-
desktop capture sneaker-distance-normal-landing
desktop capture sneaker-distance-normal-result
desktop sneaker-distance-normal 6943.9m 
desktop capture paper-sky-just-angle-pose
desktop capture paper-sky-just-angle-lock
desktop capture paper-sky-just-spin-zoom
desktop capture paper-sky-just-power-gauge
desktop capture paper-sky-just-just-max
desktop capture paper-sky-just-kick
desktop capture paper-sky-just-event-JET-STREAM
desktop capture paper-sky-just-flight-1
desktop capture paper-sky-just-event-CLOUD-NINE
desktop capture paper-sky-just-event-AIRPLANE-BREAK
desktop capture paper-sky-just-event-UFO-INCIDENT
desktop capture paper-sky-just-flight-69
desktop capture paper-sky-just-event-ORBITAL-SHOE
desktop capture paper-sky-just-flight-157
desktop capture paper-sky-just-flight-218
desktop capture paper-sky-just-flight-278
desktop capture paper-sky-just-landing
desktop capture paper-sky-just-result
desktop paper-sky-just 2243.5m JET STREAM|CLOUD NINE|AIRPLANE BREAK|UFO INCIDENT|ORBITAL SHOE
desktop capture zori-distance-spin-angle-pose
desktop capture zori-distance-spin-angle-lock
desktop capture zori-distance-spin-spin-zoom
desktop capture zori-distance-spin-power-gauge
desktop capture zori-distance-spin-kick
desktop capture zori-distance-spin-event-TORNADO-ZORI
desktop capture zori-distance-spin-flight-1
desktop capture zori-distance-spin-flight-61
desktop capture zori-distance-spin-flight-121
desktop capture zori-distance-spin-flight-180
desktop capture zori-distance-spin-landing
desktop capture zori-distance-spin-result
desktop zori-distance-spin 5046.7m TORNADO ZORI
desktop capture leather-ground-just-angle-pose
desktop capture leather-ground-just-angle-lock
desktop capture leather-ground-just-spin-zoom
desktop capture leather-ground-just-power-gauge
desktop capture leather-ground-just-just-max
desktop capture leather-ground-just-kick
desktop capture leather-ground-just-event-BUSINESS-MISSILE
desktop capture leather-ground-just-event-HIGHWAY-STAR
desktop capture leather-ground-just-flight-1
desktop capture leather-ground-just-event-BREAK-
desktop capture leather-ground-just-flight-70
desktop capture leather-ground-just-event-DRILL-THROUGH
desktop capture leather-ground-just-event-WALL-BREAK
desktop capture leather-ground-just-flight-206
desktop capture leather-ground-just-landing
desktop capture leather-ground-just-result
desktop leather-ground-just 4358.6m BUSINESS MISSILE|HIGHWAY STAR|DRILL THROUGH|WALL BREAK
desktop capture iron-ground-normal-angle-pose
desktop capture iron-ground-normal-angle-lock
desktop capture iron-ground-normal-spin-zoom
desktop capture iron-ground-normal-power-gauge
desktop capture iron-ground-normal-kick
desktop capture iron-ground-normal-flight-1
desktop capture iron-ground-normal-flight-60
desktop capture iron-ground-normal-event-BREAK-
desktop capture iron-ground-normal-flight-128
desktop capture iron-ground-normal-event-WALL-BREAK
desktop capture iron-ground-normal-event-DRILL-THROUGH
desktop capture iron-ground-normal-landing
desktop capture iron-ground-normal-result
desktop iron-ground-normal 883.0m WALL BREAK|DRILL THROUGH
desktop capture iron-ground-just-angle-pose
desktop capture iron-ground-just-angle-lock
desktop capture iron-ground-just-spin-zoom
desktop capture iron-ground-just-power-gauge
desktop capture iron-ground-just-just-max
desktop capture iron-ground-just-kick
desktop capture iron-ground-just-event-IRON-BREAKER
desktop capture iron-ground-just-flight-1
desktop capture iron-ground-just-flight-58
desktop capture iron-ground-just-flight-116
desktop capture iron-ground-just-event-BREAK-
desktop capture iron-ground-just-flight-195
desktop capture iron-ground-just-event-WALL-BREAK
desktop capture iron-ground-just-event-DRILL-THROUGH
desktop capture iron-ground-just-landing
desktop capture iron-ground-just-result
desktop iron-ground-just 52093.7m IRON BREAKER|WALL BREAK|DRILL THROUGH
desktop capture iron-sky-just-angle-pose
desktop capture iron-sky-just-angle-lock
desktop capture iron-sky-just-spin-zoom
desktop capture iron-sky-just-power-gauge
desktop capture iron-sky-just-just-max
desktop capture iron-sky-just-kick
desktop capture iron-sky-just-event-IRON-GETA-EVENT
desktop capture iron-sky-just-flight-1
desktop capture iron-sky-just-event-CLOUD-NINE
desktop capture iron-sky-just-event-AIRPLANE-BREAK
desktop capture iron-sky-just-event-UFO-INCIDENT
desktop capture iron-sky-just-flight-71
desktop capture iron-sky-just-flight-127
desktop capture iron-sky-just-flight-183
desktop capture iron-sky-just-flight-239
desktop capture iron-sky-just-landing
desktop capture iron-sky-just-result
desktop iron-sky-just 41682.0m IRON GETA EVENT|CLOUD NINE|AIRPLANE BREAK|UFO INCIDENT
desktop capture retry
desktop capture paused
desktop capture return-title
desktop PASS
phone capture title
phone capture explanation
phone capture practice-angle
phone capture practice-spin
phone capture practice-power
phone capture practice-complete
phone capture selection
phone capture sneaker-distance-normal-angle-pose
phone capture sneaker-distance-normal-angle-lock
phone capture sneaker-distance-normal-spin-zoom
phone capture sneaker-distance-normal-power-gauge
phone capture sneaker-distance-normal-kick
phone capture sneaker-distance-normal-flight-1
phone capture sneaker-distance-normal-flight-61
phone capture sneaker-distance-normal-flight-122
phone capture sneaker-distance-normal-flight-183
phone capture sneaker-distance-normal-landing
phone capture sneaker-distance-normal-result
phone sneaker-distance-normal 7390.8m 
phone capture paper-sky-just-angle-pose
phone capture paper-sky-just-angle-lock
phone capture paper-sky-just-spin-zoom
phone capture paper-sky-just-power-gauge
phone capture paper-sky-just-just-max
phone capture paper-sky-just-kick
phone capture paper-sky-just-event-JET-STREAM
phone capture paper-sky-just-flight-1
phone capture paper-sky-just-event-CLOUD-NINE
phone capture paper-sky-just-event-AIRPLANE-BREAK
phone capture paper-sky-just-event-UFO-INCIDENT
phone capture paper-sky-just-flight-69
phone capture paper-sky-just-event-ORBITAL-SHOE
phone capture paper-sky-just-flight-156
phone capture paper-sky-just-flight-217
phone capture paper-sky-just-flight-278
phone capture paper-sky-just-landing
phone capture paper-sky-just-result
phone paper-sky-just 1946.8m JET STREAM|CLOUD NINE|AIRPLANE BREAK|UFO INCIDENT|ORBITAL SHOE
phone capture zori-distance-spin-angle-pose
phone capture zori-distance-spin-angle-lock
phone capture zori-distance-spin-spin-zoom
phone capture zori-distance-spin-power-gauge
phone capture zori-distance-spin-kick
phone capture zori-distance-spin-event-TORNADO-ZORI
phone capture zori-distance-spin-flight-1
phone capture zori-distance-spin-flight-61
phone capture zori-distance-spin-flight-121
phone capture FAILURE
phone FAIL
