vite v7.3.6 building client environment for production...
transforming...
✓ 262 modules transformed.

(!) outDir /tmp/records-enabled-fixture is not inside project root and will not be emptied.
Use --emptyOutDir to override.

rendering chunks...
[esbuild css minify]
▲ [WARNING] Expected "{" but found "and(" [css-syntax-error]

    <stdin>:20:24:
      20 │ @media(max-height:500px)and(orientation:landscape){#result-distanc...
         │                         ~~~~
         ╵                         {


▲ [WARNING] Expected "{" but found "and(" [css-syntax-error]

    <stdin>:24:24:
      24 │ @media(max-height:500px)and(orientation:landscape){#app[data-state...
         │                         ~~~~
         ╵                         {


computing gzip size...
../../tmp/records-enabled-fixture/analytics-admin.html                           0.75 kB │ gzip:   0.40 kB
../../tmp/records-enabled-fixture/game010.html                                   0.84 kB │ gzip:   0.60 kB
../../tmp/records-enabled-fixture/tests/records/harness.html                     0.84 kB │ gzip:   0.39 kB
../../tmp/records-enabled-fixture/game001.html                                   2.37 kB │ gzip:   1.02 kB
../../tmp/records-enabled-fixture/game031.html                                   2.54 kB │ gzip:   1.20 kB
../../tmp/records-enabled-fixture/game008.html                                   2.71 kB │ gzip:   1.28 kB
../../tmp/records-enabled-fixture/game007.html                                   2.72 kB │ gzip:   1.30 kB
../../tmp/records-enabled-fixture/game026.html                                   2.76 kB │ gzip:   1.27 kB
../../tmp/records-enabled-fixture/game027.html                                   2.89 kB │ gzip:   1.34 kB
../../tmp/records-enabled-fixture/game029.html                                   3.19 kB │ gzip:   1.46 kB
../../tmp/records-enabled-fixture/game011.html                                   3.23 kB │ gzip:   1.37 kB
../../tmp/records-enabled-fixture/game009.html                                   3.24 kB │ gzip:   1.49 kB
../../tmp/records-enabled-fixture/assets/ai.worker-BhBYnmqb.js                   3.33 kB
../../tmp/records-enabled-fixture/game028.html                                   3.33 kB │ gzip:   1.60 kB
../../tmp/records-enabled-fixture/game017.html                                   3.34 kB │ gzip:   1.47 kB
../../tmp/records-enabled-fixture/index.html                                     3.34 kB │ gzip:   1.63 kB
../../tmp/records-enabled-fixture/game018.html                                   3.45 kB │ gzip:   1.57 kB
../../tmp/records-enabled-fixture/game022.html                                   3.53 kB │ gzip:   1.64 kB
../../tmp/records-enabled-fixture/game023.html                                   3.58 kB │ gzip:   1.62 kB
../../tmp/records-enabled-fixture/game015.html                                   3.59 kB │ gzip:   1.79 kB
../../tmp/records-enabled-fixture/game024.html                                   3.62 kB │ gzip:   1.59 kB
../../tmp/records-enabled-fixture/game025.html                                   3.70 kB │ gzip:   1.72 kB
../../tmp/records-enabled-fixture/game019.html                                   3.84 kB │ gzip:   1.68 kB
../../tmp/records-enabled-fixture/game020.html                                   4.05 kB │ gzip:   1.82 kB
../../tmp/records-enabled-fixture/game021.html                                   4.10 kB │ gzip:   1.82 kB
../../tmp/records-enabled-fixture/game016.html                                   4.16 kB │ gzip:   1.70 kB
../../tmp/records-enabled-fixture/game004.html                                   4.58 kB │ gzip:   1.90 kB
../../tmp/records-enabled-fixture/game005.html                                   4.67 kB │ gzip:   1.97 kB
../../tmp/records-enabled-fixture/game006.html                                   4.86 kB │ gzip:   2.01 kB
../../tmp/records-enabled-fixture/game030.html                                   5.04 kB │ gzip:   2.20 kB
../../tmp/records-enabled-fixture/game003.html                                   5.10 kB │ gzip:   2.14 kB
../../tmp/records-enabled-fixture/assets/generator.worker-Df5ApihC.js            5.14 kB
../../tmp/records-enabled-fixture/privacy.html                                   5.54 kB │ gzip:   2.67 kB
../../tmp/records-enabled-fixture/game002.html                                   6.51 kB │ gzip:   2.70 kB
../../tmp/records-enabled-fixture/assets/privacy-BJ4_ZNFK.css                    0.29 kB │ gzip:   0.22 kB
../../tmp/records-enabled-fixture/assets/RecordSharing-DSOMhdHk.css              1.42 kB │ gzip:   0.56 kB
../../tmp/records-enabled-fixture/assets/analytics-admin-BgkP0Dz4.css            3.03 kB │ gzip:   1.14 kB
../../tmp/records-enabled-fixture/assets/game029-CiPsBH5h.css                    4.90 kB │ gzip:   1.72 kB
../../tmp/records-enabled-fixture/assets/game031-Ca7IG9yh.css                    5.05 kB │ gzip:   1.80 kB
../../tmp/records-enabled-fixture/assets/game028-DqyBSI1q.css                    5.12 kB │ gzip:   1.72 kB
../../tmp/records-enabled-fixture/assets/game024-BQI0oavl.css                    5.19 kB │ gzip:   1.73 kB
../../tmp/records-enabled-fixture/assets/game020-xTPSHt0X.css                    5.45 kB │ gzip:   1.99 kB
../../tmp/records-enabled-fixture/assets/game023-BTgFaDN8.css                    5.61 kB │ gzip:   2.05 kB
../../tmp/records-enabled-fixture/assets/game026-CtERVbYG.css                    5.77 kB │ gzip:   1.96 kB
../../tmp/records-enabled-fixture/assets/game025-CX6ZzStI.css                    5.79 kB │ gzip:   1.91 kB
../../tmp/records-enabled-fixture/assets/game009-P7eR18tm.css                    5.82 kB │ gzip:   1.87 kB
../../tmp/records-enabled-fixture/assets/game030-CCp4Ma-Q.css                    6.15 kB │ gzip:   1.98 kB
../../tmp/records-enabled-fixture/assets/game027-xF1MYxBI.css                    6.20 kB │ gzip:   1.95 kB
../../tmp/records-enabled-fixture/assets/index-CxgOdwT2.css                      6.36 kB │ gzip:   1.94 kB
../../tmp/records-enabled-fixture/assets/game022-D38DqI01.css                    6.72 kB │ gzip:   2.31 kB
../../tmp/records-enabled-fixture/assets/game021-fcZ-ZA6_.css                    7.16 kB │ gzip:   2.43 kB
../../tmp/records-enabled-fixture/assets/game019-kWCw-N9t.css                    7.36 kB │ gzip:   2.06 kB
../../tmp/records-enabled-fixture/assets/game017-CK5_77Tc.css                    8.00 kB │ gzip:   2.01 kB
../../tmp/records-enabled-fixture/assets/game008-Dw2mOtL-.css                    8.71 kB │ gzip:   2.51 kB
../../tmp/records-enabled-fixture/assets/game015-Bu7X2h1W.css                    9.50 kB │ gzip:   2.45 kB
../../tmp/records-enabled-fixture/assets/game018-DArPTEK8.css                   12.86 kB │ gzip:   2.84 kB
../../tmp/records-enabled-fixture/assets/game007-DWkwP6NZ.css                   13.11 kB │ gzip:   3.41 kB
../../tmp/records-enabled-fixture/assets/onboarding-XqeUbvR5.css                15.82 kB │ gzip:   3.17 kB
../../tmp/records-enabled-fixture/assets/game016-D9wh04Pe.css                   19.14 kB │ gzip:   4.05 kB
../../tmp/records-enabled-fixture/assets/game001-x-wgMjRp.css                   20.18 kB │ gzip:   4.90 kB
../../tmp/records-enabled-fixture/assets/game011-BJOEgnnK.css                   22.28 kB │ gzip:   4.42 kB
../../tmp/records-enabled-fixture/assets/game006-BPqktmAV.css                   30.75 kB │ gzip:   6.12 kB
../../tmp/records-enabled-fixture/assets/game003-wp6nuTYC.css                   32.40 kB │ gzip:   6.75 kB
../../tmp/records-enabled-fixture/assets/game002-CajVFlTd.css                   34.80 kB │ gzip:   7.17 kB
../../tmp/records-enabled-fixture/assets/game004-D15XFBkN.css                   37.98 kB │ gzip:   7.67 kB
../../tmp/records-enabled-fixture/assets/game005-BmVCnhaW.css                   47.96 kB │ gzip:   9.39 kB
../../tmp/records-enabled-fixture/assets/config-DB2ZWgcF.js                      0.06 kB │ gzip:   0.08 kB
../../tmp/records-enabled-fixture/assets/privacy-CV-_a9mf.js                     0.13 kB │ gzip:   0.13 kB
../../tmp/records-enabled-fixture/assets/modulepreload-polyfill-B5Qt9EMX.js      0.71 kB │ gzip:   0.40 kB
../../tmp/records-enabled-fixture/assets/recordsFixture-C1R_ThXM.js              0.75 kB │ gzip:   0.45 kB
../../tmp/records-enabled-fixture/assets/StorageService-BriUR26K.js              0.87 kB │ gzip:   0.42 kB
../../tmp/records-enabled-fixture/assets/AudioService-jQ7Mxaav.js                0.99 kB │ gzip:   0.48 kB
../../tmp/records-enabled-fixture/analytics-legacy.js                            1.04 kB │ gzip:   0.60 kB
../../tmp/records-enabled-fixture/assets/RewardService-BCkL9LiK.js               1.37 kB │ gzip:   0.57 kB
../../tmp/records-enabled-fixture/assets/gameVersions-Bld6Wo79.js                1.52 kB │ gzip:   0.22 kB
../../tmp/records-enabled-fixture/assets/ai-DjJ6Ya-w.js                          1.89 kB │ gzip:   1.06 kB
../../tmp/records-enabled-fixture/assets/recordDefinitions-jpBzV10J.js           2.62 kB │ gzip:   1.12 kB
../../tmp/records-enabled-fixture/assets/words-33iBIpcc.js                       8.66 kB │ gzip:   4.22 kB
../../tmp/records-enabled-fixture/assets/TelemetryService-B41zdoYq.js            9.34 kB │ gzip:   3.53 kB
../../tmp/records-enabled-fixture/assets/gameCatalog-BSD0xyw6.js                 9.41 kB │ gzip:   3.92 kB
../../tmp/records-enabled-fixture/assets/index-D9oRkiVd.js                      11.76 kB │ gzip:   4.86 kB
../../tmp/records-enabled-fixture/assets/game024-Coj4ns30.js                    14.72 kB │ gzip:   6.24 kB
../../tmp/records-enabled-fixture/assets/game023-CyKdDqI3.js                    17.08 kB │ gzip:   6.39 kB
../../tmp/records-enabled-fixture/assets/game004-CTNc-VRr.js                    17.29 kB │ gzip:   6.61 kB
../../tmp/records-enabled-fixture/assets/game020-CGxqb0d4.js                    18.07 kB │ gzip:   7.40 kB
../../tmp/records-enabled-fixture/assets/game009-Kf3Be_k3.js                    18.60 kB │ gzip:   7.49 kB
../../tmp/records-enabled-fixture/assets/game026-Cazpc-iL.js                    19.05 kB │ gzip:   7.78 kB
../../tmp/records-enabled-fixture/assets/RecordSharing-B4cUWoPf.js              19.13 kB │ gzip:   6.87 kB
../../tmp/records-enabled-fixture/assets/game029-DOFw-veg.js                    20.96 kB │ gzip:   8.58 kB
../../tmp/records-enabled-fixture/assets/game007-DKzRpYm5.js                    21.47 kB │ gzip:   8.51 kB
../../tmp/records-enabled-fixture/assets/game011-afS95IF8.js                    22.88 kB │ gzip:   8.54 kB
../../tmp/records-enabled-fixture/assets/game030-wdyVJlyP.js                    22.99 kB │ gzip:   9.18 kB
../../tmp/records-enabled-fixture/assets/game028-BBXAS5Tx.js                    23.03 kB │ gzip:   8.72 kB
../../tmp/records-enabled-fixture/assets/game021-B0jY9QU-.js                    23.42 kB │ gzip:   8.98 kB
../../tmp/records-enabled-fixture/assets/runtime-BWnn6ni2.js                    24.65 kB │ gzip:   9.44 kB
../../tmp/records-enabled-fixture/assets/game005-DNA9KQ5U.js                    24.65 kB │ gzip:   9.25 kB
../../tmp/records-enabled-fixture/assets/analytics-admin-DeAZkhy8.js            25.12 kB │ gzip:   9.65 kB
../../tmp/records-enabled-fixture/assets/game001-C9Hjdy_m.js                    25.70 kB │ gzip:   9.94 kB
../../tmp/records-enabled-fixture/assets/game008-8unfkPiS.js                    26.16 kB │ gzip:  10.14 kB
../../tmp/records-enabled-fixture/assets/game017-BInUh02Q.js                    27.91 kB │ gzip:  10.76 kB
../../tmp/records-enabled-fixture/assets/game027-C1tA0WUB.js                    28.24 kB │ gzip:  10.98 kB
../../tmp/records-enabled-fixture/assets/game016-Cqd-TTMC.js                    29.43 kB │ gzip:  10.43 kB
../../tmp/records-enabled-fixture/assets/game022-CADi-S-K.js                    29.91 kB │ gzip:  11.02 kB
../../tmp/records-enabled-fixture/assets/onboarding-C7tjWO_Q.js                 31.72 kB │ gzip:  12.19 kB
../../tmp/records-enabled-fixture/assets/game002-CMlMqvry.js                    34.41 kB │ gzip:  12.67 kB
../../tmp/records-enabled-fixture/assets/game003-Dj1LVgBf.js                    43.91 kB │ gzip:  16.11 kB
../../tmp/records-enabled-fixture/assets/game006-DZsesu6z.js                    44.82 kB │ gzip:  15.92 kB
../../tmp/records-enabled-fixture/assets/game019-DwShaxT8.js                    62.86 kB │ gzip:  17.46 kB
../../tmp/records-enabled-fixture/assets/game018-CFo1YxnQ.js                    62.90 kB │ gzip:  23.97 kB
../../tmp/records-enabled-fixture/assets/game015-1LgxDk5N.js                    66.03 kB │ gzip:  18.12 kB
../../tmp/records-enabled-fixture/assets/game025-DtOxO78y.js                   346.63 kB │ gzip:  22.63 kB
../../tmp/records-enabled-fixture/assets/game031-DlWzbGYA.js                   577.06 kB │ gzip: 150.45 kB
../../tmp/records-enabled-fixture/assets/phaser-Jt__PiWe.js                  1,208.08 kB │ gzip: 332.18 kB

(!) Some chunks are larger than 500 kB after minification. Consider:
- Using dynamic import() to code-split the application
- Use build.rollupOptions.output.manualChunks to improve chunking: https://rollupjs.org/configuration-options/#output-manualchunks
- Adjust chunk size limit for this warning via build.chunkSizeWarningLimit.
✓ built in 9.44s
