Godot Engine v4.5.1.stable.official.f62fdbde1 - https://godotengine.org

[   0% ] [90m[1mfirst_scan_filesystem[22m | Started Project initialization (5 steps)[39m[0m
[   0% ] [90m[1mfirst_scan_filesystem[22m | Scanning file structure...[39m[0m
[  16% ] [90m[1mfirst_scan_filesystem[22m | Loading global class names...[39m[0m
[  33% ] [90m[1mfirst_scan_filesystem[22m | Verifying GDExtensions...[39m[0m
[  50% ] [90m[1mfirst_scan_filesystem[22m | Creating autoload scripts...[39m[0m
[  66% ] [90m[1mfirst_scan_filesystem[22m | Initializing plugins...[39m[0m
[  83% ] [90m[1mfirst_scan_filesystem[22m | Starting file scan...[39m[0m
[92m[ DONE ][39m [1mfirst_scan_filesystem[22m
[0m
[   0% ] [90m[1mupdate_scripts_classes[22m | Started Registering global classes... (17 steps)[39m[0m
[   0% ] [90m[1mupdate_scripts_classes[22m | [39m[0m
[   5% ] [90m[1mupdate_scripts_classes[22m | CharacterVisual[39m[0m
[  11% ] [90m[1mupdate_scripts_classes[22m | DifficultyManager[39m[0m
[  16% ] [90m[1mupdate_scripts_classes[22m | GameManager[39m[0m
[  22% ] [90m[1mupdate_scripts_classes[22m | [39m[0m
[  27% ] [90m[1mupdate_scripts_classes[22m | HighScoreManager[39m[0m
[  33% ] [90m[1mupdate_scripts_classes[22m | [39m[0m
[  38% ] [90m[1mupdate_scripts_classes[22m | [39m[0m
[  44% ] [90m[1mupdate_scripts_classes[22m | [39m[0m
[  50% ] [90m[1mupdate_scripts_classes[22m | [39m[0m
[  55% ] [90m[1mupdate_scripts_classes[22m | [39m[0m
[  61% ] [90m[1mupdate_scripts_classes[22m | TargetCoworker[39m[0m
[  66% ] [90m[1mupdate_scripts_classes[22m | [39m[0m
[  72% ] [90m[1mupdate_scripts_classes[22m | UICanvas[39m[0m
[  77% ] [90m[1mupdate_scripts_classes[22m | [39m[0m
[  83% ] [90m[1mupdate_scripts_classes[22m | [39m[0m
[  88% ] [90m[1mupdate_scripts_classes[22m | [39m[0m
[92m[ DONE ][39m [1mupdate_scripts_classes[22m
[0m
[   0% ] [90m[1m_update_scan_actions[22m | Started Scanning actions... (34 steps)[39m[0m
[   0% ] [90m[1m_update_scan_actions[22m | banana_get.wav[39m[0m
[   2% ] [90m[1m_update_scan_actions[22m | caught.wav[39m[0m
[   5% ] [90m[1m_update_scan_actions[22m | game_over.wav[39m[0m
[   8% ] [90m[1m_update_scan_actions[22m | phone_ring.wav[39m[0m
[  11% ] [90m[1m_update_scan_actions[22m | steal_success.wav[39m[0m
[  14% ] [90m[1m_update_scan_actions[22m | coworker_caught.png[39m[0m
[  17% ] [90m[1m_update_scan_actions[22m | coworker_happy.png[39m[0m
[  20% ] [90m[1m_update_scan_actions[22m | coworker_phone.png[39m[0m
[  22% ] [90m[1m_update_scan_actions[22m | coworker_sad.png[39m[0m
[  25% ] [90m[1m_update_scan_actions[22m | coworker_steal.png[39m[0m
[  28% ] [90m[1m_update_scan_actions[22m | coworker_talk.png[39m[0m
[  31% ] [90m[1m_update_scan_actions[22m | coworker_working.png[39m[0m
[  34% ] [90m[1m_update_scan_actions[22m | sawano_caught.png[39m[0m
[  37% ] [90m[1m_update_scan_actions[22m | sawano_happy.png[39m[0m
[  40% ] [90m[1m_update_scan_actions[22m | sawano_phone.png[39m[0m
[  42% ] [90m[1m_update_scan_actions[22m | sawano_sad.png[39m[0m
[  45% ] [90m[1m_update_scan_actions[22m | sawano_steal.png[39m[0m
[  48% ] [90m[1m_update_scan_actions[22m | sawano_talk.png[39m[0m
[  51% ] [90m[1m_update_scan_actions[22m | sawano_working.png[39m[0m
[  54% ] [90m[1m_update_scan_actions[22m | target_caught.png[39m[0m
[  57% ] [90m[1m_update_scan_actions[22m | target_happy.png[39m[0m
[  60% ] [90m[1m_update_scan_actions[22m | target_phone.png[39m[0m
[  62% ] [90m[1m_update_scan_actions[22m | target_sad.png[39m[0m
[  65% ] [90m[1m_update_scan_actions[22m | target_steal.png[39m[0m
[  68% ] [90m[1m_update_scan_actions[22m | target_talk.png[39m[0m
[  71% ] [90m[1m_update_scan_actions[22m | target_working.png[39m[0m
[  74% ] [90m[1m_update_scan_actions[22m | DotGothic16-Regular.ttf[39m[0m
[  77% ] [90m[1m_update_scan_actions[22m | banana.png[39m[0m
[  80% ] [90m[1m_update_scan_actions[22m | banana_peel.png[39m[0m
[  82% ] [90m[1m_update_scan_actions[22m | paper_stack.png[39m[0m
[  85% ] [90m[1m_update_scan_actions[22m | phone.png[39m[0m
[  88% ] [90m[1m_update_scan_actions[22m | task.png[39m[0m
[  91% ] [90m[1m_update_scan_actions[22m | background.png[39m[0m
[  94% ] [90m[1m_update_scan_actions[22m | desks.png[39m[0m
[92m[ DONE ][39m [1m_update_scan_actions[22m
[0m
[   0% ] [90m[1mreimport[22m | Started (Re)Importing Assets (34 steps)[39m[0m
[   0% ] [90m[1mreimport[22m | Preparing files to reimport...[39m[0m
[   2% ] [90m[1mreimport[22m | Preparing files to reimport...[39m[0m
[   5% ] [90m[1mreimport[22m | Preparing files to reimport...[39m[0m
[   8% ] [90m[1mreimport[22m | Preparing files to reimport...[39m[0m
[  11% ] [90m[1mreimport[22m | Preparing files to reimport...[39m[0m
[  14% ] [90m[1mreimport[22m | Preparing files to reimport...[39m[0m
[  17% ] [90m[1mreimport[22m | Preparing files to reimport...[39m[0m
[  20% ] [90m[1mreimport[22m | Preparing files to reimport...[39m[0m
[  22% ] [90m[1mreimport[22m | Preparing files to reimport...[39m[0m
[  25% ] [90m[1mreimport[22m | Preparing files to reimport...[39m[0m
[  28% ] [90m[1mreimport[22m | Preparing files to reimport...[39m[0m
[  31% ] [90m[1mreimport[22m | Preparing files to reimport...[39m[0m
[  34% ] [90m[1mreimport[22m | Preparing files to reimport...[39m[0m
[  37% ] [90m[1mreimport[22m | Preparing files to reimport...[39m[0m
[  40% ] [90m[1mreimport[22m | Preparing files to reimport...[39m[0m
[  42% ] [90m[1mreimport[22m | Preparing files to reimport...[39m[0m
[  45% ] [90m[1mreimport[22m | Preparing files to reimport...[39m[0m
[  48% ] [90m[1mreimport[22m | Preparing files to reimport...[39m[0m
[  51% ] [90m[1mreimport[22m | Preparing files to reimport...[39m[0m
[  54% ] [90m[1mreimport[22m | Preparing files to reimport...[39m[0m
[  57% ] [90m[1mreimport[22m | Preparing files to reimport...[39m[0m
[  60% ] [90m[1mreimport[22m | Preparing files to reimport...[39m[0m
[  62% ] [90m[1mreimport[22m | Preparing files to reimport...[39m[0m
[  65% ] [90m[1mreimport[22m | Preparing files to reimport...[39m[0m
[  68% ] [90m[1mreimport[22m | Preparing files to reimport...[39m[0m
[  71% ] [90m[1mreimport[22m | Preparing files to reimport...[39m[0m
[  74% ] [90m[1mreimport[22m | Preparing files to reimport...[39m[0m
[  77% ] [90m[1mreimport[22m | Preparing files to reimport...[39m[0m
[  80% ] [90m[1mreimport[22m | Preparing files to reimport...[39m[0m
[  82% ] [90m[1mreimport[22m | Preparing files to reimport...[39m[0m
[  85% ] [90m[1mreimport[22m | Preparing files to reimport...[39m[0m
[  88% ] [90m[1mreimport[22m | Preparing files to reimport...[39m[0m
[  91% ] [90m[1mreimport[22m | Preparing files to reimport...[39m[0m
[  94% ] [90m[1mreimport[22m | Preparing files to reimport...[39m[0m
[   0% ] [90m[1mreimport[22m | Executing pre-reimport operations...[39m[0m
[   0% ] [90m[1mreimport[22m | DotGothic16-Regular.ttf[39m[0m
res://assets/fonts/DotGothic16-Regular.ttf: Pixel font detected, disabling subpixel positioning.
[   2% ] [90m[1mreimport[22m | DotGothic16-Regular.ttf[39m[0m
[   5% ] [90m[1mreimport[22m | sawano_talk.png[39m[0m
[   8% ] [90m[1mreimport[22m | sawano_working.png[39m[0m
[  11% ] [90m[1mreimport[22m | target_caught.png[39m[0m
[  14% ] [90m[1mreimport[22m | target_happy.png[39m[0m
[  17% ] [90m[1mreimport[22m | target_phone.png[39m[0m
[  20% ] [90m[1mreimport[22m | target_sad.png[39m[0m
[  22% ] [90m[1mreimport[22m | target_steal.png[39m[0m
[  25% ] [90m[1mreimport[22m | target_talk.png[39m[0m
[  28% ] [90m[1mreimport[22m | target_working.png[39m[0m
[  31% ] [90m[1mreimport[22m | banana.png[39m[0m
[  34% ] [90m[1mreimport[22m | banana_peel.png[39m[0m
[  37% ] [90m[1mreimport[22m | paper_stack.png[39m[0m
[  40% ] [90m[1mreimport[22m | phone.png[39m[0m
[  42% ] [90m[1mreimport[22m | task.png[39m[0m
[  45% ] [90m[1mreimport[22m | background.png[39m[0m
[  48% ] [90m[1mreimport[22m | desks.png[39m[0m
[  51% ] [90m[1mreimport[22m | coworker_caught.png[39m[0m
[  54% ] [90m[1mreimport[22m | coworker_happy.png[39m[0m
[  57% ] [90m[1mreimport[22m | coworker_phone.png[39m[0m
[  60% ] [90m[1mreimport[22m | coworker_sad.png[39m[0m
[  62% ] [90m[1mreimport[22m | coworker_steal.png[39m[0m
[  65% ] [90m[1mreimport[22m | coworker_talk.png[39m[0m
[  68% ] [90m[1mreimport[22m | coworker_working.png[39m[0m
[  71% ] [90m[1mreimport[22m | sawano_caught.png[39m[0m
[  74% ] [90m[1mreimport[22m | sawano_happy.png[39m[0m
[  77% ] [90m[1mreimport[22m | sawano_phone.png[39m[0m
[  80% ] [90m[1mreimport[22m | sawano_sad.png[39m[0m
[  82% ] [90m[1mreimport[22m | DotGothic16-Regular.ttf[39m[0m
[  85% ] [90m[1mreimport[22m | sawano_talk.png[39m[0m
[  88% ] [90m[1mreimport[22m | sawano_working.png[39m[0m
[  91% ] [90m[1mreimport[22m | target_caught.png[39m[0m
[  94% ] [90m[1mreimport[22m | target_happy.png[39m[0m
[  97% ] [90m[1mreimport[22m | Finalizing Asset Import...[39m[0m
[92m[ DONE ][39m [1mreimport[22m
[0m
[   0% ] [90m[1mreimport[22m | Started (Re)Importing Assets (34 steps)[39m[0m
[   0% ] [90m[1mreimport[22m | Executing post-reimport operations...[39m[0m
[92m[ DONE ][39m [1mreimport[22m
[0m
[   0% ] [90m[1mloading_editor_layout[22m | Started Loading editor (5 steps)[39m[0m
[   0% ] [90m[1mloading_editor_layout[22m | Loading editor layout...[39m[0m
[92m[ DONE ][39m [1mloading_editor_layout[22m
[0m
