
> orbit-shift@0.1.0 build
> tsc --noEmit && vite build

vite v7.3.6 building client environment for production...
transforming...
✓ 266 modules transformed.
rendering chunks...
computing gzip size...
dist/analytics-admin.html                           0.75 kB │ gzip:   0.40 kB
dist/game010.html                                   0.84 kB │ gzip:   0.60 kB
dist/game001.html                                   2.37 kB │ gzip:   1.02 kB
dist/game031.html                                   2.54 kB │ gzip:   1.20 kB
dist/game008.html                                   2.71 kB │ gzip:   1.28 kB
dist/game007.html                                   2.72 kB │ gzip:   1.30 kB
dist/game026.html                                   2.76 kB │ gzip:   1.27 kB
dist/game027.html                                   2.89 kB │ gzip:   1.34 kB
dist/game029.html                                   3.19 kB │ gzip:   1.46 kB
dist/game011.html                                   3.23 kB │ gzip:   1.37 kB
dist/game009.html                                   3.24 kB │ gzip:   1.48 kB
dist/assets/ai.worker-BhBYnmqb.js                   3.33 kB
dist/game028.html                                   3.33 kB │ gzip:   1.60 kB
dist/game017.html                                   3.34 kB │ gzip:   1.47 kB
dist/index.html                                     3.43 kB │ gzip:   1.65 kB
dist/game018.html                                   3.45 kB │ gzip:   1.57 kB
dist/game022.html                                   3.53 kB │ gzip:   1.64 kB
dist/game023.html                                   3.58 kB │ gzip:   1.62 kB
dist/game015.html                                   3.59 kB │ gzip:   1.79 kB
dist/game024.html                                   3.62 kB │ gzip:   1.59 kB
dist/game025.html                                   3.70 kB │ gzip:   1.72 kB
dist/game019.html                                   3.84 kB │ gzip:   1.67 kB
dist/game020.html                                   4.05 kB │ gzip:   1.83 kB
dist/game021.html                                   4.10 kB │ gzip:   1.82 kB
dist/game016.html                                   4.16 kB │ gzip:   1.70 kB
dist/game004.html                                   4.58 kB │ gzip:   1.90 kB
dist/game005.html                                   4.67 kB │ gzip:   1.97 kB
dist/game006.html                                   4.86 kB │ gzip:   2.00 kB
dist/game030.html                                   5.04 kB │ gzip:   2.20 kB
dist/game003.html                                   5.10 kB │ gzip:   2.14 kB
dist/assets/generator.worker-Df5ApihC.js            5.14 kB
dist/privacy.html                                   5.54 kB │ gzip:   2.67 kB
dist/game002.html                                   6.51 kB │ gzip:   2.70 kB
dist/assets/privacy-BJ4_ZNFK.css                    0.29 kB │ gzip:   0.22 kB
dist/assets/RecordSharing-DSOMhdHk.css              1.42 kB │ gzip:   0.56 kB
dist/assets/analytics-admin-BgkP0Dz4.css            3.03 kB │ gzip:   1.14 kB
dist/assets/game029-CiPsBH5h.css                    4.90 kB │ gzip:   1.72 kB
dist/assets/game031-Ca7IG9yh.css                    5.05 kB │ gzip:   1.80 kB
dist/assets/game028-DqyBSI1q.css                    5.12 kB │ gzip:   1.72 kB
dist/assets/game024-BQI0oavl.css                    5.19 kB │ gzip:   1.73 kB
dist/assets/game020-xTPSHt0X.css                    5.45 kB │ gzip:   1.99 kB
dist/assets/game023-BTgFaDN8.css                    5.61 kB │ gzip:   2.05 kB
dist/assets/game026-CtERVbYG.css                    5.77 kB │ gzip:   1.96 kB
dist/assets/game025-CX6ZzStI.css                    5.79 kB │ gzip:   1.91 kB
dist/assets/game009-P7eR18tm.css                    5.82 kB │ gzip:   1.87 kB
dist/assets/game030-CCp4Ma-Q.css                    6.15 kB │ gzip:   1.98 kB
dist/assets/game027-xF1MYxBI.css                    6.20 kB │ gzip:   1.95 kB
dist/assets/index-CxgOdwT2.css                      6.36 kB │ gzip:   1.94 kB
dist/assets/game022-D38DqI01.css                    6.72 kB │ gzip:   2.31 kB
dist/assets/game021-fcZ-ZA6_.css                    7.16 kB │ gzip:   2.43 kB
dist/assets/game019-kWCw-N9t.css                    7.36 kB │ gzip:   2.06 kB
dist/assets/game017-CK5_77Tc.css                    8.00 kB │ gzip:   2.01 kB
dist/assets/game008-Dw2mOtL-.css                    8.71 kB │ gzip:   2.51 kB
dist/assets/game015-Bu7X2h1W.css                    9.50 kB │ gzip:   2.45 kB
dist/assets/game018-DArPTEK8.css                   12.86 kB │ gzip:   2.84 kB
dist/assets/game007-DWkwP6NZ.css                   13.11 kB │ gzip:   3.41 kB
dist/assets/onboarding-XqeUbvR5.css                15.82 kB │ gzip:   3.17 kB
dist/assets/game016-D9wh04Pe.css                   19.14 kB │ gzip:   4.05 kB
dist/assets/game001-x-wgMjRp.css                   20.18 kB │ gzip:   4.90 kB
dist/assets/game011-BJOEgnnK.css                   22.28 kB │ gzip:   4.42 kB
dist/assets/game006-BPqktmAV.css                   30.75 kB │ gzip:   6.12 kB
dist/assets/game003-wp6nuTYC.css                   32.40 kB │ gzip:   6.75 kB
dist/assets/game002-CajVFlTd.css                   34.80 kB │ gzip:   7.17 kB
dist/assets/game004-D15XFBkN.css                   37.98 kB │ gzip:   7.67 kB
dist/assets/game005-BmVCnhaW.css                   47.96 kB │ gzip:   9.39 kB
dist/assets/config-DB2ZWgcF.js                      0.06 kB │ gzip:   0.08 kB
dist/assets/privacy-CfThxm8q.js                     0.13 kB │ gzip:   0.13 kB
dist/assets/modulepreload-polyfill-B5Qt9EMX.js      0.71 kB │ gzip:   0.40 kB
dist/assets/StorageService-BriUR26K.js              0.87 kB │ gzip:   0.42 kB
dist/assets/AudioService-jQ7Mxaav.js                0.99 kB │ gzip:   0.48 kB
dist/analytics-legacy.js                            1.04 kB │ gzip:   0.60 kB
dist/assets/RewardService-BCkL9LiK.js               1.37 kB │ gzip:   0.57 kB
dist/assets/gameVersions-Bld6Wo79.js                1.52 kB │ gzip:   0.22 kB
dist/assets/ai-skesRU53.js                          1.89 kB │ gzip:   1.06 kB
dist/assets/recordDefinitions-B04aptEI.js           2.77 kB │ gzip:   1.17 kB
dist/legacy-records.js                              4.11 kB │ gzip:   1.92 kB
dist/assets/legacyStore-CVC8M07O.js                 4.51 kB │ gzip:   2.00 kB
dist/assets/words-33iBIpcc.js                       8.66 kB │ gzip:   4.22 kB
dist/assets/TelemetryService-DW7npX_e.js            9.34 kB │ gzip:   3.53 kB
dist/assets/gameCatalog-BSD0xyw6.js                 9.41 kB │ gzip:   3.92 kB
dist/assets/index--0-Gq6QC.js                      12.21 kB │ gzip:   5.02 kB
dist/assets/game024-BEZVX4an.js                    14.72 kB │ gzip:   6.24 kB
dist/assets/game023-DpC89Y1C.js                    17.08 kB │ gzip:   6.39 kB
dist/assets/game004-_nYjhts6.js                    17.36 kB │ gzip:   6.63 kB
dist/assets/analytics-admin-oKbbwmzy.js            17.43 kB │ gzip:   7.21 kB
dist/assets/game020-C_T1LdZP.js                    18.07 kB │ gzip:   7.40 kB
dist/assets/game009-BPBvg775.js                    18.60 kB │ gzip:   7.49 kB
dist/assets/game026-BhAUKvje.js                    19.05 kB │ gzip:   7.78 kB
dist/assets/RecordSharing-DeDpTTAB.js              20.37 kB │ gzip:   7.34 kB
dist/assets/game029-DMoHddr8.js                    20.96 kB │ gzip:   8.58 kB
dist/assets/game007-05zK_1Fg.js                    21.47 kB │ gzip:   8.51 kB
dist/assets/game011-CGYv7aH8.js                    22.88 kB │ gzip:   8.54 kB
dist/assets/game030-BlzzJDAQ.js                    22.99 kB │ gzip:   9.19 kB
dist/assets/game028-gNdd5zxd.js                    23.03 kB │ gzip:   8.72 kB
dist/assets/game021-C2oOlnEN.js                    23.42 kB │ gzip:   8.98 kB
dist/assets/game005-egUap-H3.js                    24.65 kB │ gzip:   9.25 kB
dist/assets/runtime-DDaiITxA.js                    24.74 kB │ gzip:   9.46 kB
dist/assets/game001-DekwTu5C.js                    25.70 kB │ gzip:   9.94 kB
dist/assets/game008-COfYnX9B.js                    26.16 kB │ gzip:  10.14 kB
dist/assets/game017-CshUc2MA.js                    27.91 kB │ gzip:  10.76 kB
dist/assets/game027-DF2ndLYf.js                    28.24 kB │ gzip:  10.98 kB
dist/assets/game016-DZVn1TgO.js                    29.43 kB │ gzip:  10.43 kB
dist/assets/game022-Wm2GwzCh.js                    29.91 kB │ gzip:  11.02 kB
dist/assets/onboarding-C7tjWO_Q.js                 31.72 kB │ gzip:  12.19 kB
dist/assets/game002-CSNiSpg5.js                    34.41 kB │ gzip:  12.67 kB
dist/assets/game003-BEu0qKOy.js                    43.91 kB │ gzip:  16.11 kB
dist/assets/game006-rrrSUuFU.js                    44.82 kB │ gzip:  15.91 kB
dist/assets/game019-3bgczcRQ.js                    62.86 kB │ gzip:  17.46 kB
dist/assets/game018-Czv8jVTo.js                    62.90 kB │ gzip:  23.97 kB
dist/assets/game015-BdzwClKW.js                    66.03 kB │ gzip:  18.12 kB
dist/assets/game025-B0OXedX2.js                   346.63 kB │ gzip:  22.64 kB
dist/assets/game031-ermpMiqM.js                   577.06 kB │ gzip: 150.46 kB
dist/assets/phaser-Jt__PiWe.js                  1,208.08 kB │ gzip: 332.18 kB
✓ built in 6.57s
