
> test
> node tests/local-d1.mjs

{
  "status": "PASS",
  "environment": "synthetic-local-only",
  "backend": "Wrangler workerd + actual local D1 SQLite",
  "checks": [
    "migration",
    "health",
    "valid_batch_202",
    "duplicate_uuid_dedup",
    "unknown_event_400",
    "bad_origin_403",
    "oversize_413",
    "admin_unauthorized_401",
    "admin_aggregate_200",
    "game_detail_200",
    "no_raw_ids",
    "codex_missing_wrong_token_401",
    "bidirectional_token_isolation_401",
    "codex_summary_detail_200",
    "codex_unknown_game_route_404",
    "codex_non_get_405",
    "codex_safe_query_filters",
    "fetch_script_summary_detail",
    "game020_ingest_six_events",
    "game020_admin_codex_detail_no_raw_ids",
    "game020_summary_registered",
    "game032_ingest_detail_rejected",
    "game020_fetch_script_detail",
    "D1_insert_count",
    "game031_four_events_admin_codex_cli",
    "game031_interval_deltas_not_duplicated",
    "game031_private_world_data_rejected",
    "game021_ingest_admin_codex_cli",
    "game022_ingest_admin_codex_cli",
    "game023_ingest_admin_codex_cli",
    "game024_ingest_admin_codex_cli",
    "game025_ingest_admin_codex_cli",
    "game026_ingest_admin_codex_cli",
    "game027_ingest_admin_codex_cli",
    "game028_ingest_admin_codex_cli",
    "game029_ingest_admin_codex_cli",
    "game030_ingest_admin_codex_cli"
  ],
  "d1_event_count": 42,
  "run_count": 13,
  "game019_median_run_duration": 12,
  "game020_median_run_duration": 18
}
